============================= test session starts ==============================
platform darwin -- Python 3.12.0, pytest-9.0.2, pluggy-1.6.0 -- /opt/anaconda3/envs/braket/bin/python3.12
cachedir: .pytest_cache
rootdir: /Users/aniksd/projects/qiskit-braket-provider
configfile: pyproject.toml
plugins: anyio-4.12.1
collecting ... collected 215 items

tests/providers/test_adapter.py::TestAdapter::test_all_braket_noises_converted_simulated PASSED [  0%]
tests/providers/test_adapter.py::TestAdapter::test_angle_restrictions_ionq PASSED [  0%]
tests/providers/test_adapter.py::TestAdapter::test_angle_restrictions_ionq_valid PASSED [  1%]
tests/providers/test_adapter.py::TestAdapter::test_angle_restrictions_rigetti PASSED [  1%]
tests/providers/test_adapter.py::TestAdapter::test_angle_restrictions_rigetti_valid PASSED [  2%]
tests/providers/test_adapter.py::TestAdapter::test_angle_restrictions_skip_parameter_expression PASSED [  2%]
tests/providers/test_adapter.py::TestAdapter::test_barrier PASSED        [  3%]
tests/providers/test_adapter.py::TestAdapter::test_barrier_single_qubit PASSED [  3%]
tests/providers/test_adapter.py::TestAdapter::test_barrier_with_qubits PASSED [  4%]
tests/providers/test_adapter.py::TestAdapter::test_braket_device PASSED  [  4%]
tests/providers/test_adapter.py::TestAdapter::test_braket_device_with_qubit_labels PASSED [  5%]
tests/providers/test_adapter.py::TestAdapter::test_braket_noise_to_qiskit_conversion PASSED [  5%]
tests/providers/test_adapter.py::TestAdapter::test_ccprx_and_measureff_gates_allowed PASSED [  6%]
tests/providers/test_adapter.py::TestAdapter::test_circuit_deprecated PASSED [  6%]
tests/providers/test_adapter.py::TestAdapter::test_circuits_and_circuit PASSED [  6%]
tests/providers/test_adapter.py::TestAdapter::test_conditional_gate_with_condition_attribute PASSED [  7%]
tests/providers/test_adapter.py::TestAdapter::test_conditional_gate_with_if_test PASSED [  7%]
tests/providers/test_adapter.py::TestAdapter::test_conditional_gate_with_while_loop PASSED [  8%]
tests/providers/test_adapter.py::TestAdapter::test_connectivity PASSED   [  8%]
tests/providers/test_adapter.py::TestAdapter::test_connectivity_deprecated PASSED [  9%]
tests/providers/test_adapter.py::TestAdapter::test_convert_parametric_qiskit_to_braket_circuit PASSED [  9%]
tests/providers/test_adapter.py::TestAdapter::test_convert_parametric_qiskit_to_braket_circuit_warning PASSED [ 10%]
tests/providers/test_adapter.py::TestAdapter::test_coupling_map_and_connectivity PASSED [ 10%]
tests/providers/test_adapter.py::TestAdapter::test_exponential_gate_decomp PASSED [ 11%]
tests/providers/test_adapter.py::TestAdapter::test_extra_posargs PASSED  [ 11%]
tests/providers/test_adapter.py::TestAdapter::test_gate_after_measure PASSED [ 12%]
tests/providers/test_adapter.py::TestAdapter::test_get_controlled_gateset PASSED [ 12%]
tests/providers/test_adapter.py::TestAdapter::test_global_phase PASSED   [ 13%]
tests/providers/test_adapter.py::TestAdapter::test_invalid_ctrl_state PASSED [ 13%]
tests/providers/test_adapter.py::TestAdapter::test_ionq_gates 
tests/providers/test_adapter.py::TestAdapter::test_ionq_gates PASSED     [ 13%]
tests/providers/test_adapter.py::TestAdapter::test_kraus_braket_bit_ordering PASSED [ 14%]
tests/providers/test_adapter.py::TestAdapter::test_kraus_conversion_with_to_braket PASSED [ 14%]
tests/providers/test_adapter.py::TestAdapter::test_mappers PASSED        [ 15%]
tests/providers/test_adapter.py::TestAdapter::test_measure PASSED        [ 15%]
tests/providers/test_adapter.py::TestAdapter::test_measure_all PASSED    [ 16%]
tests/providers/test_adapter.py::TestAdapter::test_measure_different_indices PASSED [ 16%]
tests/providers/test_adapter.py::TestAdapter::test_measure_order_preserved PASSED [ 17%]
tests/providers/test_adapter.py::TestAdapter::test_measure_repeated PASSED [ 17%]
tests/providers/test_adapter.py::TestAdapter::test_measure_subset_indices PASSED [ 18%]
tests/providers/test_adapter.py::TestAdapter::test_multiple_barriers PASSED [ 18%]
tests/providers/test_adapter.py::TestAdapter::test_multiple_registers PASSED [ 19%]
tests/providers/test_adapter.py::TestAdapter::test_name_conflict_with_parameter_vector PASSED [ 19%]
tests/providers/test_adapter.py::TestAdapter::test_native_angle_restrictions_default PASSED [ 20%]
tests/providers/test_adapter.py::TestAdapter::test_native_angle_restrictions_ionq PASSED [ 20%]
tests/providers/test_adapter.py::TestAdapter::test_no_circuits_specified PASSED [ 20%]
tests/providers/test_adapter.py::TestAdapter::test_parameter_expression PASSED [ 21%]
tests/providers/test_adapter.py::TestAdapter::test_parameter_vector PASSED [ 21%]
tests/providers/test_adapter.py::TestAdapter::test_pass_manager_with_other_arguments PASSED [ 22%]
tests/providers/test_adapter.py::TestAdapter::test_pos_kw_same_argument PASSED [ 22%]
tests/providers/test_adapter.py::TestAdapter::test_reset PASSED          [ 23%]
tests/providers/test_adapter.py::TestAdapter::test_roundtrip_openqasm_parametrized_gate PASSED [ 23%]
tests/providers/test_adapter.py::TestAdapter::test_roundtrip_openqasm_program FAILED [ 24%]
tests/providers/test_adapter.py::TestAdapter::test_roundtrip_openqasm_str PASSED [ 24%]
tests/providers/test_adapter.py::TestAdapter::test_standard_gate_decomp 
tests/providers/test_adapter.py::TestAdapter::test_standard_gate_decomp PASSED [ 25%]
tests/providers/test_adapter.py::TestAdapter::test_state_preparation_00 PASSED [ 25%]
tests/providers/test_adapter.py::TestAdapter::test_state_preparation_01 PASSED [ 26%]
tests/providers/test_adapter.py::TestAdapter::test_target PASSED         [ 26%]
tests/providers/test_adapter.py::TestAdapter::test_target_invalid_device PASSED [ 26%]
tests/providers/test_adapter.py::TestAdapter::test_target_with_gate_calibrations PASSED [ 27%]
tests/providers/test_adapter.py::TestAdapter::test_target_with_loose_constraints PASSED [ 27%]
tests/providers/test_adapter.py::TestAdapter::test_translate_sparse_pauli_op PASSED [ 28%]
tests/providers/test_adapter.py::TestAdapter::test_type_error_on_bad_input PASSED [ 28%]
tests/providers/test_adapter.py::TestAdapter::test_u_gate PASSED         [ 29%]
tests/providers/test_adapter.py::TestAdapter::test_validate_angle_restrictions_extra_index PASSED [ 29%]
tests/providers/test_adapter.py::TestAdapter::test_verbatim PASSED       [ 30%]
tests/providers/test_adapter.py::TestFromBraket::test_all_standard_gates PASSED [ 30%]
tests/providers/test_adapter.py::TestFromBraket::test_braket_barrier_to_qiskit PASSED [ 31%]
tests/providers/test_adapter.py::TestFromBraket::test_control_modifier PASSED [ 31%]
tests/providers/test_adapter.py::TestFromBraket::test_control_modifier_with_control_state PASSED [ 32%]
tests/providers/test_adapter.py::TestFromBraket::test_measure_different_indices PASSED [ 32%]
tests/providers/test_adapter.py::TestFromBraket::test_measure_multiple_indices PASSED [ 33%]
tests/providers/test_adapter.py::TestFromBraket::test_measure_subset PASSED [ 33%]
tests/providers/test_adapter.py::TestFromBraket::test_parametric_gates PASSED [ 33%]
tests/providers/test_adapter.py::TestFromBraket::test_parametric_pow_gate PASSED [ 34%]
tests/providers/test_adapter.py::TestFromBraket::test_power PASSED       [ 34%]
tests/providers/test_adapter.py::TestFromBraket::test_type_error_on_bad_input PASSED [ 35%]
tests/providers/test_adapter.py::TestFromBraket::test_unitary PASSED     [ 35%]
tests/providers/test_adapter.py::TestFromBraket::test_unsupported_braket_gate PASSED [ 36%]
tests/providers/test_adapter.py::TestFromBraket::test_unsupported_parameter_division PASSED [ 36%]
tests/providers/test_adapter.py::TestFromBraket::test_unused_middle_qubit PASSED [ 37%]
tests/providers/test_adapter.py::TestThereAndBackAgain::test_all_standard_gates PASSED [ 37%]
tests/providers/test_adapter.py::TestThereAndBackAgain::test_empty_circuit_with_barrier PASSED [ 38%]
tests/providers/test_adapter.py::TestThereAndBackAgain::test_missing_qubit_in_properties_handled_gracefully PASSED [ 38%]
tests/providers/test_adapter.py::TestThereAndBackAgain::test_simple_travels PASSED [ 39%]
tests/providers/test_adapter_to_braket_verbatim.py::TestExtractVerbatimBoxes::test_single_verbatim_box_extraction PASSED [ 39%]
tests/providers/test_adapter_to_braket_verbatim.py::TestExtractVerbatimBoxes::test_multiple_verbatim_boxes_extraction PASSED [ 40%]
tests/providers/test_adapter_to_braket_verbatim.py::TestExtractVerbatimBoxes::test_empty_verbatim_box_extraction PASSED [ 40%]
tests/providers/test_adapter_to_braket_verbatim.py::TestExtractVerbatimBoxes::test_circuit_without_verbatim_boxes PASSED [ 40%]
tests/providers/test_adapter_to_braket_verbatim.py::TestExtractVerbatimBoxes::test_non_verbatim_boxop_handling PASSED [ 41%]
tests/providers/test_adapter_to_braket_verbatim.py::TestRestoreVerbatimBoxes::test_single_verbatim_box_restoration FAILED [ 41%]
tests/providers/test_adapter_to_braket_verbatim.py::TestRestoreVerbatimBoxes::test_multiple_verbatim_boxes_restoration FAILED [ 42%]
tests/providers/test_adapter_to_braket_verbatim.py::TestRestoreVerbatimBoxes::test_qubit_mapping_with_non_contiguous_qubits FAILED [ 42%]
tests/providers/test_adapter_to_braket_verbatim.py::TestRestoreVerbatimBoxes::test_error_too_many_barriers FAILED [ 43%]
tests/providers/test_adapter_to_braket_verbatim.py::TestRestoreVerbatimBoxes::test_error_too_few_barriers FAILED [ 43%]
tests/providers/test_adapter_to_braket_verbatim.py::TestRestoreVerbatimBoxes::test_error_invalid_qubit_mapping FAILED [ 44%]
tests/providers/test_adapter_to_braket_verbatim.py::TestToBraketIntegration::test_to_braket_with_single_verbatim_box FAILED [ 44%]
tests/providers/test_adapter_to_braket_verbatim.py::TestToBraketIntegration::test_to_braket_with_multiple_verbatim_boxes FAILED [ 45%]
tests/providers/test_adapter_to_braket_verbatim.py::TestToBraketIntegration::test_to_braket_with_custom_verbatim_box_name FAILED [ 45%]
tests/providers/test_adapter_to_braket_verbatim.py::TestToBraketIntegration::test_to_braket_backward_compatibility PASSED [ 46%]
tests/providers/test_adapter_to_braket_verbatim.py::TestToBraketIntegration::test_to_braket_with_non_verbatim_boxops PASSED [ 46%]
tests/providers/test_adapter_to_braket_verbatim.py::TestToBraketIntegration::test_to_braket_without_transpilation FAILED [ 46%]
tests/providers/test_adapter_to_braket_verbatim.py::TestToBraketIntegration::test_to_braket_uses_trivial_layout_for_verbatim_boxes FAILED [ 47%]
tests/providers/test_adapter_to_braket_verbatim.py::TestToBraketIntegration::test_to_braket_layout_method_override FAILED [ 47%]
tests/providers/test_adapter_to_braket_verbatim.py::TestToBraketIntegration::test_to_braket_routing_method_override FAILED [ 48%]
tests/providers/test_adapter_to_braket_verbatim.py::TestToBraketIntegration::test_to_braket_with_multiple_circuits_with_verbatim_boxes FAILED [ 48%]
tests/providers/test_adapter_to_braket_verbatim.py::TestRoundTripConversion::test_round_trip_single_verbatim_box_braket_program FAILED [ 49%]
tests/providers/test_adapter_to_braket_verbatim.py::TestRoundTripConversion::test_round_trip_multiple_verbatim_boxes_braket_program FAILED [ 49%]
tests/providers/test_adapter_to_braket_verbatim.py::TestRoundTripConversion::test_round_trip_custom_verbatim_box_name_braket_program FAILED [ 50%]
tests/providers/test_adapter_to_braket_verbatim.py::TestRoundTripConversion::test_round_trip_mixed_verbatim_and_non_verbatim_gates_braket_program FAILED [ 50%]
tests/providers/test_adapter_to_braket_verbatim.py::TestRoundTripConversion::test_round_trip_single_verbatim_box_openqasm FAILED [ 51%]
tests/providers/test_adapter_to_braket_verbatim.py::TestRoundTripConversion::test_round_trip_multiple_verbatim_boxes_openqasm FAILED [ 51%]
tests/providers/test_adapter_to_braket_verbatim.py::TestRoundTripConversion::test_round_trip_custom_verbatim_box_name_openqasm FAILED [ 52%]
tests/providers/test_adapter_to_braket_verbatim.py::TestRoundTripConversion::test_round_trip_mixed_verbatim_and_non_verbatim_gates_openqasm FAILED [ 52%]
tests/providers/test_adapter_verbatim.py::TestVerbatimPragmaSupport::test_braket_circuit_without_verbatim PASSED [ 53%]
tests/providers/test_adapter_verbatim.py::TestVerbatimPragmaSupport::test_braket_program_without_verbatim PASSED [ 53%]
tests/providers/test_adapter_verbatim.py::TestVerbatimPragmaSupport::test_circuit_without_verbatim_pragma PASSED [ 53%]
tests/providers/test_adapter_verbatim.py::TestVerbatimPragmaSupport::test_custom_verbatim_box_name PASSED [ 54%]
tests/providers/test_adapter_verbatim.py::TestVerbatimPragmaSupport::test_empty_verbatim_box PASSED [ 54%]
tests/providers/test_adapter_verbatim.py::TestVerbatimPragmaSupport::test_gates_outside_verbatim_box PASSED [ 55%]
tests/providers/test_adapter_verbatim.py::TestVerbatimPragmaSupport::test_multiple_verbatim_boxes PASSED [ 55%]
tests/providers/test_adapter_verbatim.py::TestVerbatimPragmaSupport::test_nested_verbatim_box_error PASSED [ 56%]
tests/providers/test_adapter_verbatim.py::TestVerbatimPragmaSupport::test_non_contiguous_physical_qubits PASSED [ 56%]
tests/providers/test_adapter_verbatim.py::TestVerbatimPragmaSupport::test_single_verbatim_box_with_gates PASSED [ 57%]
tests/providers/test_adapter_verbatim.py::TestVerbatimPragmaSupport::test_unclosed_verbatim_box_error PASSED [ 57%]
tests/providers/test_adapter_verbatim.py::TestVerbatimPragmaSupport::test_verbatim_box_qubit_mapping PASSED [ 58%]
tests/providers/test_adapter_verbatim.py::TestVerbatimPragmaSupport::test_verbatim_box_with_measurements PASSED [ 58%]
tests/providers/test_adapter_verbatim.py::TestVerbatimPragmaSupport::test_verbatim_end_without_start_error PASSED [ 59%]
tests/providers/test_braket_backend.py::TestBraketBackend::test_repr PASSED [ 59%]
tests/providers/test_braket_backend.py::TestBraketLocalBackend::test_local_backend PASSED [ 60%]
tests/providers/test_braket_backend.py::TestBraketLocalBackend::test_local_backend_circuit PASSED [ 60%]
tests/providers/test_braket_backend.py::TestBraketLocalBackend::test_local_backend_circuit_shots0 PASSED [ 60%]
tests/providers/test_braket_backend.py::TestBraketLocalBackend::test_local_backend_output PASSED [ 61%]
tests/providers/test_braket_backend.py::TestBraketLocalBackend::test_local_backend_run_exception PASSED [ 61%]
tests/providers/test_braket_backend.py::TestBraketLocalBackend::test_meas_level_1 PASSED [ 62%]
tests/providers/test_braket_backend.py::TestBraketLocalBackend::test_meas_level_2 PASSED [ 62%]
tests/providers/test_braket_backend.py::TestBraketLocalBackend::test_meas_level_enum PASSED [ 63%]
tests/providers/test_braket_backend.py::TestBraketLocalBackend::test_random_circuits 
tests/providers/test_braket_backend.py::TestBraketLocalBackend::test_random_circuits PASSED [ 63%]
tests/providers/test_braket_backend.py::TestBraketLocalBackend::test_vqe PASSED [ 64%]
tests/providers/test_braket_backend.py::TestBraketAwsBackend::test_backend_deepcopy PASSED [ 64%]
tests/providers/test_braket_backend.py::TestBraketAwsBackend::test_deprecation_warning_on_init PASSED [ 65%]
tests/providers/test_braket_backend.py::TestBraketAwsBackend::test_deprecation_warning_on_subclass PASSED [ 65%]
tests/providers/test_braket_backend.py::TestBraketAwsBackend::test_device_backend PASSED [ 66%]
tests/providers/test_braket_backend.py::TestBraketAwsBackend::test_fully_connected PASSED [ 66%]
tests/providers/test_braket_backend.py::TestBraketAwsBackend::test_invalid_identifiers PASSED [ 66%]
tests/providers/test_braket_backend.py::TestBraketAwsBackend::test_native_circuits_with_measurements_can_be_run_in_verbatim_mode SKIPPED [ 67%]
tests/providers/test_braket_backend.py::TestBraketAwsBackend::test_native_transpilation PASSED [ 67%]
tests/providers/test_braket_backend.py::TestBraketAwsBackend::test_queue_depth PASSED [ 68%]
tests/providers/test_braket_backend.py::TestBraketAwsBackend::test_retrieve_job SKIPPED [ 68%]
tests/providers/test_braket_backend.py::TestBraketAwsBackend::test_retrieve_job_task_ids PASSED [ 69%]
tests/providers/test_braket_backend.py::TestBraketAwsBackend::test_run_invalid_run_input PASSED [ 69%]
tests/providers/test_braket_backend.py::TestBraketAwsBackend::test_run_multiple_circuits PASSED [ 70%]
tests/providers/test_braket_backend.py::TestBraketAwsBackend::test_run_multiple_circuits_program_set PASSED [ 70%]
tests/providers/test_braket_backend.py::TestBraketAwsBackend::test_run_with_pass_manager PASSED [ 71%]
tests/providers/test_braket_backend.py::TestBraketAwsBackend::test_running_circuit_with_disabled_rewiring_requires_matching_topolog SKIPPED [ 71%]
tests/providers/test_braket_backend.py::TestBraketAwsBackend::test_running_incompatible_verbatim_circuit_on_aspen_raises_error SKIPPED [ 72%]
tests/providers/test_braket_estimator.py::TestBraketEstimator::test_broadcasting_with_array_observables PASSED [ 72%]
tests/providers/test_braket_estimator.py::TestBraketEstimator::test_broadcasting_with_scalar_observable PASSED [ 73%]
tests/providers/test_braket_estimator.py::TestBraketEstimator::test_complex_broadcasting PASSED [ 73%]
tests/providers/test_braket_estimator.py::TestBraketEstimator::test_custom_precision PASSED [ 73%]
tests/providers/test_braket_estimator.py::TestBraketEstimator::test_default_precision PASSED [ 74%]
tests/providers/test_braket_estimator.py::TestBraketEstimator::test_different_precisions_raises_error PASSED [ 74%]
tests/providers/test_braket_estimator.py::TestBraketEstimator::test_multiple_observables PASSED [ 75%]
tests/providers/test_braket_estimator.py::TestBraketEstimator::test_multiple_pubs PASSED [ 75%]
tests/providers/test_braket_estimator.py::TestBraketEstimator::test_non_broadcastable_shapes_raises_error PASSED [ 76%]
tests/providers/test_braket_estimator.py::TestBraketEstimator::test_parameterized_circuit PASSED [ 76%]
tests/providers/test_braket_estimator.py::TestBraketEstimator::test_program_sets_unsupported PASSED [ 77%]
tests/providers/test_braket_estimator.py::TestBraketEstimator::test_run_local_all_pauli_sums PASSED [ 77%]
tests/providers/test_braket_estimator.py::TestBraketEstimator::test_run_local_broadcasting PASSED [ 78%]
tests/providers/test_braket_estimator.py::TestBraketEstimator::test_run_local_no_parameters PASSED [ 78%]
tests/providers/test_braket_estimator.py::TestBraketEstimator::test_run_local_pauli_sum PASSED [ 79%]
tests/providers/test_braket_estimator.py::TestBraketEstimator::test_run_local_single_observable_or_parameter PASSED [ 79%]
tests/providers/test_braket_estimator.py::TestBraketEstimator::test_simple_pub PASSED [ 80%]
tests/providers/test_braket_instructions.py::TestIqmExperimentalCapabilities::test_ccprx_equality PASSED [ 80%]
tests/providers/test_braket_instructions.py::TestIqmExperimentalCapabilities::test_ccprx_initialization PASSED [ 80%]
tests/providers/test_braket_instructions.py::TestIqmExperimentalCapabilities::test_ccprx_repr PASSED [ 81%]
tests/providers/test_braket_instructions.py::TestIqmExperimentalCapabilities::test_circuit_with_measureff_ccprx PASSED [ 81%]
tests/providers/test_braket_instructions.py::TestIqmExperimentalCapabilities::test_measureff_equality PASSED [ 82%]
tests/providers/test_braket_instructions.py::TestIqmExperimentalCapabilities::test_measureff_initialization PASSED [ 82%]
tests/providers/test_braket_instructions.py::TestIqmExperimentalCapabilities::test_measureff_repr PASSED [ 83%]
tests/providers/test_braket_job.py::TestAmazonBraketTask::test_deprecation_warning_on_init PASSED [ 83%]
tests/providers/test_braket_job.py::TestAWSBraketJob::test_deprecation_warning_on_init PASSED [ 84%]
tests/providers/test_braket_primitive_task.py::TestBraketPrimitiveTask::test_status PASSED [ 84%]
tests/providers/test_braket_provider.py::TestBraketProvider::test_deprecation_warning_on_init PASSED [ 85%]
tests/providers/test_braket_provider.py::TestBraketProvider::test_deprecation_warning_on_subclass PASSED [ 85%]
tests/providers/test_braket_provider.py::TestBraketProvider::test_kraus_target_simulator PASSED [ 86%]
tests/providers/test_braket_provider.py::TestBraketProvider::test_noncontigous_qubit_indices_qiskit_transpilation PASSED [ 86%]
tests/providers/test_braket_provider.py::TestBraketProvider::test_provider_backend PASSED [ 86%]
tests/providers/test_braket_provider.py::TestBraketProvider::test_provider_backends 
tests/providers/test_braket_provider.py::TestBraketProvider::test_provider_backends PASSED [ 87%]
tests/providers/test_braket_provider.py::TestBraketProvider::test_provider_backends_kwargs_local PASSED [ 87%]
tests/providers/test_braket_provider.py::TestBraketProvider::test_qiskit_circuit_transpilation_run PASSED [ 88%]
tests/providers/test_braket_provider.py::TestBraketProvider::test_queue_position_for_quantum_tasks PASSED [ 88%]
tests/providers/test_braket_provider.py::TestBraketProvider::test_real_devices 
tests/providers/test_braket_provider.py::TestBraketProvider::test_real_devices PASSED [ 89%]
tests/providers/test_braket_quantum_task.py::TestBraketQuantumTask::test_program_set PASSED [ 89%]
tests/providers/test_braket_quantum_task.py::TestBraketQuantumTask::test_queue_position PASSED [ 90%]
tests/providers/test_braket_quantum_task.py::TestBraketQuantumTask::test_queue_position_for_local_quantum_task PASSED [ 90%]
tests/providers/test_braket_quantum_task.py::TestBraketQuantumTask::test_queue_position_program_set PASSED [ 91%]
tests/providers/test_braket_quantum_task.py::TestBraketQuantumTask::test_result PASSED [ 91%]
tests/providers/test_braket_quantum_task.py::TestBraketQuantumTask::test_retry_if_result_none PASSED [ 92%]
tests/providers/test_braket_quantum_task.py::TestBraketQuantumTask::test_task PASSED [ 92%]
tests/providers/test_braket_quantum_task.py::TestBraketQuantumTask::test_task_cancellation PASSED [ 93%]
tests/providers/test_braket_quantum_task.py::TestBraketQuantumTask::test_task_cancellation_program_set PASSED [ 93%]
tests/providers/test_braket_quantum_task.py::TestBraketQuantumTask::test_task_result_is_none PASSED [ 93%]
tests/providers/test_braket_quantum_task.py::TestAmazonBraketTask::test_result PASSED [ 94%]
tests/providers/test_braket_quantum_task.py::TestAmazonBraketTask::test_task PASSED [ 94%]
tests/providers/test_braket_quantum_task.py::TestAWSBraketJob::test_AWS_job PASSED [ 95%]
tests/providers/test_braket_quantum_task.py::TestAWSBraketJob::test_AWS_result PASSED [ 95%]
tests/providers/test_braket_quantum_task.py::TestBraketJobStatus::test_status[task_states0-JobStatus.ERROR] PASSED [ 96%]
tests/providers/test_braket_quantum_task.py::TestBraketJobStatus::test_status[task_states1-JobStatus.CANCELLED] PASSED [ 96%]
tests/providers/test_braket_quantum_task.py::TestBraketJobStatus::test_status[task_states2-JobStatus.DONE] PASSED [ 97%]
tests/providers/test_braket_quantum_task.py::TestBraketJobStatus::test_status[task_states3-JobStatus.RUNNING] PASSED [ 97%]
tests/providers/test_braket_quantum_task.py::TestBraketJobStatus::test_status[task_states4-JobStatus.QUEUED] PASSED [ 98%]
tests/providers/test_braket_sampler.py::TestBraketSampler::test_different_shots_raises_error PASSED [ 98%]
tests/providers/test_braket_sampler.py::TestBraketSampler::test_program_sets_unsupported PASSED [ 99%]
tests/providers/test_braket_sampler.py::TestBraketSampler::test_run_local_multiple_registers PASSED [ 99%]
tests/providers/test_braket_sampler.py::TestBraketSampler::test_run_local_shapeless_parameters PASSED [100%]

=================================== FAILURES ===================================
_________________ TestAdapter.test_roundtrip_openqasm_program __________________

self = <tests.providers.test_adapter.TestAdapter testMethod=test_roundtrip_openqasm_program>

    def test_roundtrip_openqasm_program(self):
        qasm_string = """
        const int[8] n = 4;
        input bit[n] x;
    
        qubit q;
    
        def parity(bit[n] cin) -> bit {
            bit c = false;
            for int[8] i in [0: n - 1] {
                c ^= cin[i];
            }
            return c;
        }
    
        if (parity(x)) {
            x q;
        } else {
            i q;
        }
        """
        qasm_program = Program(source=qasm_string, inputs={"x": "1011"})
>       self.assertTrue(check_to_braket_openqasm_unitary_correct(qasm_program))
                        ^^^^^^^^^^^^^^^^^^^^^^^^^^^^^^^^^^^^^^^^^^^^^^^^^^^^^^

tests/providers/test_adapter.py:1186: 
_ _ _ _ _ _ _ _ _ _ _ _ _ _ _ _ _ _ _ _ _ _ _ _ _ _ _ _ _ _ _ _ _ _ _ _ _ _ _ _ 
tests/providers/test_adapter.py:89: in check_to_braket_openqasm_unitary_correct
    to_braket(qasm_program).to_unitary(), Circuit.from_ir(qasm_program).to_unitary()
    ^^^^^^^^^^^^^^^^^^^^^^^
qiskit_braket_provider/providers/adapter.py:1088: in to_braket
    circuits, single_instance = _get_circuits(circuits, circuit, add_measurements)
                                ^^^^^^^^^^^^^^^^^^^^^^^^^^^^^^^^^^^^^^^^^^^^^^^^^^
qiskit_braket_provider/providers/adapter.py:1211: in _get_circuits
    to_qiskit(c, add_measurements=add_measurements)
qiskit_braket_provider/providers/adapter.py:1550: in to_qiskit
    .run(circuit.source, inputs=circuit.inputs)
     ^^^^^^^^^^^^^^^^^^^^^^^^^^^^^^^^^^^^^^^^^^
/opt/anaconda3/envs/braket/lib/python3.12/site-packages/braket/default_simulator/openqasm/interpreter.py:153: in run
    self.visit(parse(source))
/opt/anaconda3/envs/braket/lib/python3.12/functools.py:946: in _method
    return method.__get__(obj, cls)(*args, **kwargs)
           ^^^^^^^^^^^^^^^^^^^^^^^^^^^^^^^^^^^^^^^^^
/opt/anaconda3/envs/braket/lib/python3.12/site-packages/braket/default_simulator/openqasm/interpreter.py:183: in _
    self.visit(node.statements)
/opt/anaconda3/envs/braket/lib/python3.12/functools.py:946: in _method
    return method.__get__(obj, cls)(*args, **kwargs)
           ^^^^^^^^^^^^^^^^^^^^^^^^^^^^^^^^^^^^^^^^^
/opt/anaconda3/envs/braket/lib/python3.12/site-packages/braket/default_simulator/openqasm/interpreter.py:175: in _
    return [n for n in [self.visit(node) for node in node_list] if n is not None]
                        ^^^^^^^^^^^^^^^^
/opt/anaconda3/envs/braket/lib/python3.12/functools.py:946: in _method
    return method.__get__(obj, cls)(*args, **kwargs)
           ^^^^^^^^^^^^^^^^^^^^^^^^^^^^^^^^^^^^^^^^^
/opt/anaconda3/envs/braket/lib/python3.12/site-packages/braket/default_simulator/openqasm/interpreter.py:565: in _
    condition = cast_to(BooleanLiteral, self.visit(node.condition))
                                        ^^^^^^^^^^^^^^^^^^^^^^^^^^
/opt/anaconda3/envs/braket/lib/python3.12/functools.py:946: in _method
    return method.__get__(obj, cls)(*args, **kwargs)
           ^^^^^^^^^^^^^^^^^^^^^^^^^^^^^^^^^^^^^^^^^
/opt/anaconda3/envs/braket/lib/python3.12/site-packages/braket/default_simulator/openqasm/interpreter.py:643: in _
    self.context.declare_variable(arg_name, arg_type, arg_value, arg_const)
_ _ _ _ _ _ _ _ _ _ _ _ _ _ _ _ _ _ _ _ _ _ _ _ _ _ _ _ _ _ _ _ _ _ _ _ _ _ _ _ 

self = Symbols
SCOPE LEVEL 0
n	Symbol<IntType(span=Span(start_line=2, start_column=14, end_line=2, end_column=19), size=Integ...ue=True), BooleanLiteral(span=None, value=True)])
q	Identifier(span=None, name='q')

Gates
SCOPE LEVEL 0

Qubits
q	(0,)
name = 'cin'
symbol_type = BitType(span=Span(start_line=7, start_column=19, end_line=7, end_column=24), size=Identifier(span=Span(start_line=7, start_column=22, end_line=7, end_column=24), name='n'))
value = ArrayLiteral(span=None, values=[BooleanLiteral(span=None, value=True), BooleanLiteral(span=None, value=False), BooleanLiteral(span=None, value=True), BooleanLiteral(span=None, value=True)])
const = False

    def declare_variable(
        self,
        name: str,
        symbol_type: ClassicalType | type,
        value=None,
        const: bool = False,
    ) -> None:
        """Override to add classical bits to the Qiskit circuit when declared.
    
        When a classical bit array is declared (e.g., bit[2] c;), we need to add
        the corresponding classical bits to the Qiskit circuit.
        """
        super().declare_variable(name, symbol_type, value, const)
    
        # If this is a bit type declaration, add classical bits to the circuit
        if isinstance(symbol_type, BitType):
            # Get the size of the bit array
            if symbol_type.size is not None:
                # Extract the integer value from IntegerLiteral
                size = symbol_type.size.value if hasattr(symbol_type.size, 'value') else symbol_type.size
            else:
                size = 1
            # Add classical bits to the circuit
>           for _ in range(size):
                     ^^^^^^^^^^^
E           TypeError: 'Identifier' object cannot be interpreted as an integer

qiskit_braket_provider/providers/adapter.py:374: TypeError
________ TestRestoreVerbatimBoxes.test_single_verbatim_box_restoration _________

self = <tests.providers.test_adapter_to_braket_verbatim.TestRestoreVerbatimBoxes object at 0x310adc650>

    def test_single_verbatim_box_restoration(self):
        """Test restoration of a single verbatim box."""
        # Create verbatim box circuit
        box_circuit = QuantumCircuit(2)
        box_circuit.h(0)
        box_circuit.cx(0, 1)
    
        # Create transpiled circuit with barrier
        transpiled_circuit = QuantumCircuit(2)
        barrier = Barrier(2, label="verbatim")
        transpiled_circuit.append(barrier, [0, 1])
    
        # Restore verbatim boxes
        verbatim_boxes = [(box_circuit, [0, 1])]
>       restored_circuit = _restore_verbatim_boxes(
            transpiled_circuit, verbatim_boxes, "verbatim"
        )

tests/providers/test_adapter_to_braket_verbatim.py:163: 
_ _ _ _ _ _ _ _ _ _ _ _ _ _ _ _ _ _ _ _ _ _ _ _ _ _ _ _ _ _ _ _ _ _ _ _ _ _ _ _ 
qiskit_braket_provider/providers/adapter.py:979: in _restore_verbatim_boxes
    reconstructed_circuit.append(
/opt/anaconda3/envs/braket/lib/python3.12/site-packages/qiskit/circuit/quantumcircuit.py:2916: in append
    operation.broadcast_arguments(expanded_qargs, expanded_cargs)
_ _ _ _ _ _ _ _ _ _ _ _ _ _ _ _ _ _ _ _ _ _ _ _ _ _ _ _ _ _ _ _ _ _ _ _ _ _ _ _ 

self = Instruction(name='h', num_qubits=1, num_clbits=0, params=[])
qargs = [[<Qubit register=(2, "q"), index=0>], [<Qubit register=(2, "q"), index=1>]]
cargs = []

    def broadcast_arguments(self, qargs: list, cargs: list) -> Iterable[tuple[list, list]]:
        """Validation and handling of the arguments and its relationship.
    
        For example, ``cx([q[0],q[1]], q[2])`` means ``cx(q[0], q[2]); cx(q[1], q[2])``. This
        method yields the arguments in the right grouping. In the given example::
    
            in: [[q[0],q[1]], q[2]],[]
            outs: [q[0], q[2]], []
                  [q[1], q[2]], []
    
        The general broadcasting rules are:
    
            * If len(qargs) == 1::
    
                [q[0], q[1]] -> [q[0]],[q[1]]
    
            * If len(qargs) == 2::
    
                [[q[0], q[1]], [r[0], r[1]]] -> [q[0], r[0]], [q[1], r[1]]
                [[q[0]], [r[0], r[1]]]       -> [q[0], r[0]], [q[0], r[1]]
                [[q[0], q[1]], [r[0]]]       -> [q[0], r[0]], [q[1], r[0]]
    
            * If len(qargs) >= 3::
    
                [q[0], q[1]], [r[0], r[1]],  ...] -> [q[0], r[0], ...], [q[1], r[1], ...]
    
        Args:
            qargs: List of quantum bit arguments.
            cargs: List of classical bit arguments.
    
        Returns:
            A tuple with single arguments.
    
        Raises:
            CircuitError: If the input is not valid. For example, the number of
                arguments does not match the gate expectation.
        """
        if len(qargs) != self.num_qubits or cargs:
>           raise CircuitError(
                f"The amount of qubit({len(qargs)})/clbit({len(cargs)}) arguments does"
                f" not match the gate expectation ({self.num_qubits})."
            )
E           qiskit.circuit.exceptions.CircuitError: 'The amount of qubit(2)/clbit(0) arguments does not match the gate expectation (1).'

/opt/anaconda3/envs/braket/lib/python3.12/site-packages/qiskit/circuit/gate.py:237: CircuitError
______ TestRestoreVerbatimBoxes.test_multiple_verbatim_boxes_restoration _______

self = <tests.providers.test_adapter_to_braket_verbatim.TestRestoreVerbatimBoxes object at 0x310aa3c80>

    def test_multiple_verbatim_boxes_restoration(self):
        """Test restoration of multiple verbatim boxes."""
        # Create verbatim box circuits
        box_circuit1 = QuantumCircuit(2)
        box_circuit1.h(0)
    
        box_circuit2 = QuantumCircuit(2)
        box_circuit2.cx(0, 1)
    
        # Create transpiled circuit with barriers and gate between them
        transpiled_circuit = QuantumCircuit(2)
        barrier1 = Barrier(2, label="verbatim")
        transpiled_circuit.append(barrier1, [0, 1])
        transpiled_circuit.x(1)
        barrier2 = Barrier(2, label="verbatim")
        transpiled_circuit.append(barrier2, [0, 1])
    
        # Restore verbatim boxes
        verbatim_boxes = [(box_circuit1, [0, 1]), (box_circuit2, [0, 1])]
>       restored_circuit = _restore_verbatim_boxes(
            transpiled_circuit, verbatim_boxes, "verbatim"
        )

tests/providers/test_adapter_to_braket_verbatim.py:196: 
_ _ _ _ _ _ _ _ _ _ _ _ _ _ _ _ _ _ _ _ _ _ _ _ _ _ _ _ _ _ _ _ _ _ _ _ _ _ _ _ 
qiskit_braket_provider/providers/adapter.py:979: in _restore_verbatim_boxes
    reconstructed_circuit.append(
/opt/anaconda3/envs/braket/lib/python3.12/site-packages/qiskit/circuit/quantumcircuit.py:2916: in append
    operation.broadcast_arguments(expanded_qargs, expanded_cargs)
_ _ _ _ _ _ _ _ _ _ _ _ _ _ _ _ _ _ _ _ _ _ _ _ _ _ _ _ _ _ _ _ _ _ _ _ _ _ _ _ 

self = Instruction(name='h', num_qubits=1, num_clbits=0, params=[])
qargs = [[<Qubit register=(2, "q"), index=0>], [<Qubit register=(2, "q"), index=1>]]
cargs = []

    def broadcast_arguments(self, qargs: list, cargs: list) -> Iterable[tuple[list, list]]:
        """Validation and handling of the arguments and its relationship.
    
        For example, ``cx([q[0],q[1]], q[2])`` means ``cx(q[0], q[2]); cx(q[1], q[2])``. This
        method yields the arguments in the right grouping. In the given example::
    
            in: [[q[0],q[1]], q[2]],[]
            outs: [q[0], q[2]], []
                  [q[1], q[2]], []
    
        The general broadcasting rules are:
    
            * If len(qargs) == 1::
    
                [q[0], q[1]] -> [q[0]],[q[1]]
    
            * If len(qargs) == 2::
    
                [[q[0], q[1]], [r[0], r[1]]] -> [q[0], r[0]], [q[1], r[1]]
                [[q[0]], [r[0], r[1]]]       -> [q[0], r[0]], [q[0], r[1]]
                [[q[0], q[1]], [r[0]]]       -> [q[0], r[0]], [q[1], r[0]]
    
            * If len(qargs) >= 3::
    
                [q[0], q[1]], [r[0], r[1]],  ...] -> [q[0], r[0], ...], [q[1], r[1], ...]
    
        Args:
            qargs: List of quantum bit arguments.
            cargs: List of classical bit arguments.
    
        Returns:
            A tuple with single arguments.
    
        Raises:
            CircuitError: If the input is not valid. For example, the number of
                arguments does not match the gate expectation.
        """
        if len(qargs) != self.num_qubits or cargs:
>           raise CircuitError(
                f"The amount of qubit({len(qargs)})/clbit({len(cargs)}) arguments does"
                f" not match the gate expectation ({self.num_qubits})."
            )
E           qiskit.circuit.exceptions.CircuitError: 'The amount of qubit(2)/clbit(0) arguments does not match the gate expectation (1).'

/opt/anaconda3/envs/braket/lib/python3.12/site-packages/qiskit/circuit/gate.py:237: CircuitError
____ TestRestoreVerbatimBoxes.test_qubit_mapping_with_non_contiguous_qubits ____

self = <tests.providers.test_adapter_to_braket_verbatim.TestRestoreVerbatimBoxes object at 0x310aa39e0>

    def test_qubit_mapping_with_non_contiguous_qubits(self):
        """Test qubit mapping with non-contiguous qubits."""
        # Create verbatim box circuit using qubits 0, 1, 2
        box_circuit = QuantumCircuit(3)
        box_circuit.h(0)
        box_circuit.cx(1, 2)
    
        # Create transpiled circuit with barrier on qubits 0, 2, 3
        transpiled_circuit = QuantumCircuit(4)
        barrier = Barrier(3, label="verbatim")
        transpiled_circuit.append(barrier, [0, 2, 3])
    
        # Restore verbatim boxes
        verbatim_boxes = [(box_circuit, [0, 2, 3])]
>       restored_circuit = _restore_verbatim_boxes(
            transpiled_circuit, verbatim_boxes, "verbatim"
        )

tests/providers/test_adapter_to_braket_verbatim.py:224: 
_ _ _ _ _ _ _ _ _ _ _ _ _ _ _ _ _ _ _ _ _ _ _ _ _ _ _ _ _ _ _ _ _ _ _ _ _ _ _ _ 
qiskit_braket_provider/providers/adapter.py:979: in _restore_verbatim_boxes
    reconstructed_circuit.append(
/opt/anaconda3/envs/braket/lib/python3.12/site-packages/qiskit/circuit/quantumcircuit.py:2916: in append
    operation.broadcast_arguments(expanded_qargs, expanded_cargs)
_ _ _ _ _ _ _ _ _ _ _ _ _ _ _ _ _ _ _ _ _ _ _ _ _ _ _ _ _ _ _ _ _ _ _ _ _ _ _ _ 

self = Instruction(name='h', num_qubits=1, num_clbits=0, params=[])
qargs = [[<Qubit register=(4, "q"), index=0>], [<Qubit register=(4, "q"), index=2>], [<Qubit register=(4, "q"), index=3>]]
cargs = []

    def broadcast_arguments(self, qargs: list, cargs: list) -> Iterable[tuple[list, list]]:
        """Validation and handling of the arguments and its relationship.
    
        For example, ``cx([q[0],q[1]], q[2])`` means ``cx(q[0], q[2]); cx(q[1], q[2])``. This
        method yields the arguments in the right grouping. In the given example::
    
            in: [[q[0],q[1]], q[2]],[]
            outs: [q[0], q[2]], []
                  [q[1], q[2]], []
    
        The general broadcasting rules are:
    
            * If len(qargs) == 1::
    
                [q[0], q[1]] -> [q[0]],[q[1]]
    
            * If len(qargs) == 2::
    
                [[q[0], q[1]], [r[0], r[1]]] -> [q[0], r[0]], [q[1], r[1]]
                [[q[0]], [r[0], r[1]]]       -> [q[0], r[0]], [q[0], r[1]]
                [[q[0], q[1]], [r[0]]]       -> [q[0], r[0]], [q[1], r[0]]
    
            * If len(qargs) >= 3::
    
                [q[0], q[1]], [r[0], r[1]],  ...] -> [q[0], r[0], ...], [q[1], r[1], ...]
    
        Args:
            qargs: List of quantum bit arguments.
            cargs: List of classical bit arguments.
    
        Returns:
            A tuple with single arguments.
    
        Raises:
            CircuitError: If the input is not valid. For example, the number of
                arguments does not match the gate expectation.
        """
        if len(qargs) != self.num_qubits or cargs:
>           raise CircuitError(
                f"The amount of qubit({len(qargs)})/clbit({len(cargs)}) arguments does"
                f" not match the gate expectation ({self.num_qubits})."
            )
E           qiskit.circuit.exceptions.CircuitError: 'The amount of qubit(3)/clbit(0) arguments does not match the gate expectation (1).'

/opt/anaconda3/envs/braket/lib/python3.12/site-packages/qiskit/circuit/gate.py:237: CircuitError
____________ TestRestoreVerbatimBoxes.test_error_too_many_barriers _____________

self = <tests.providers.test_adapter_to_braket_verbatim.TestRestoreVerbatimBoxes object at 0x310aa3530>

    def test_error_too_many_barriers(self):
        """Test error when more barriers found than verbatim boxes."""
        # Create verbatim box circuit
        box_circuit = QuantumCircuit(2)
        box_circuit.h(0)
    
        # Create transpiled circuit with TWO barriers but only ONE verbatim box
        transpiled_circuit = QuantumCircuit(2)
        barrier1 = Barrier(2, label="verbatim")
        transpiled_circuit.append(barrier1, [0, 1])
        barrier2 = Barrier(2, label="verbatim")
        transpiled_circuit.append(barrier2, [0, 1])
    
        # Try to restore with only one verbatim box
        verbatim_boxes = [(box_circuit, [0, 1])]
    
        with pytest.raises(ValueError, match="Found more barriers.*than verbatim boxes"):
>           _restore_verbatim_boxes(transpiled_circuit, verbatim_boxes, "verbatim")

tests/providers/test_adapter_to_braket_verbatim.py:260: 
_ _ _ _ _ _ _ _ _ _ _ _ _ _ _ _ _ _ _ _ _ _ _ _ _ _ _ _ _ _ _ _ _ _ _ _ _ _ _ _ 
qiskit_braket_provider/providers/adapter.py:979: in _restore_verbatim_boxes
    reconstructed_circuit.append(
/opt/anaconda3/envs/braket/lib/python3.12/site-packages/qiskit/circuit/quantumcircuit.py:2916: in append
    operation.broadcast_arguments(expanded_qargs, expanded_cargs)
_ _ _ _ _ _ _ _ _ _ _ _ _ _ _ _ _ _ _ _ _ _ _ _ _ _ _ _ _ _ _ _ _ _ _ _ _ _ _ _ 

self = Instruction(name='h', num_qubits=1, num_clbits=0, params=[])
qargs = [[<Qubit register=(2, "q"), index=0>], [<Qubit register=(2, "q"), index=1>]]
cargs = []

    def broadcast_arguments(self, qargs: list, cargs: list) -> Iterable[tuple[list, list]]:
        """Validation and handling of the arguments and its relationship.
    
        For example, ``cx([q[0],q[1]], q[2])`` means ``cx(q[0], q[2]); cx(q[1], q[2])``. This
        method yields the arguments in the right grouping. In the given example::
    
            in: [[q[0],q[1]], q[2]],[]
            outs: [q[0], q[2]], []
                  [q[1], q[2]], []
    
        The general broadcasting rules are:
    
            * If len(qargs) == 1::
    
                [q[0], q[1]] -> [q[0]],[q[1]]
    
            * If len(qargs) == 2::
    
                [[q[0], q[1]], [r[0], r[1]]] -> [q[0], r[0]], [q[1], r[1]]
                [[q[0]], [r[0], r[1]]]       -> [q[0], r[0]], [q[0], r[1]]
                [[q[0], q[1]], [r[0]]]       -> [q[0], r[0]], [q[1], r[0]]
    
            * If len(qargs) >= 3::
    
                [q[0], q[1]], [r[0], r[1]],  ...] -> [q[0], r[0], ...], [q[1], r[1], ...]
    
        Args:
            qargs: List of quantum bit arguments.
            cargs: List of classical bit arguments.
    
        Returns:
            A tuple with single arguments.
    
        Raises:
            CircuitError: If the input is not valid. For example, the number of
                arguments does not match the gate expectation.
        """
        if len(qargs) != self.num_qubits or cargs:
>           raise CircuitError(
                f"The amount of qubit({len(qargs)})/clbit({len(cargs)}) arguments does"
                f" not match the gate expectation ({self.num_qubits})."
            )
E           qiskit.circuit.exceptions.CircuitError: 'The amount of qubit(2)/clbit(0) arguments does not match the gate expectation (1).'

/opt/anaconda3/envs/braket/lib/python3.12/site-packages/qiskit/circuit/gate.py:237: CircuitError
_____________ TestRestoreVerbatimBoxes.test_error_too_few_barriers _____________

self = <tests.providers.test_adapter_to_braket_verbatim.TestRestoreVerbatimBoxes object at 0x310a51340>

    def test_error_too_few_barriers(self):
        """Test error when fewer barriers found than verbatim boxes."""
        # Create two verbatim box circuits
        box_circuit1 = QuantumCircuit(2)
        box_circuit1.h(0)
    
        box_circuit2 = QuantumCircuit(2)
        box_circuit2.cx(0, 1)
    
        # Create transpiled circuit with only ONE barrier but TWO verbatim boxes
        transpiled_circuit = QuantumCircuit(2)
        barrier = Barrier(2, label="verbatim")
        transpiled_circuit.append(barrier, [0, 1])
    
        # Try to restore with two verbatim boxes
        verbatim_boxes = [(box_circuit1, [0, 1]), (box_circuit2, [0, 1])]
    
        with pytest.raises(ValueError, match="Found fewer barriers.*than verbatim boxes"):
>           _restore_verbatim_boxes(transpiled_circuit, verbatim_boxes, "verbatim")

tests/providers/test_adapter_to_braket_verbatim.py:280: 
_ _ _ _ _ _ _ _ _ _ _ _ _ _ _ _ _ _ _ _ _ _ _ _ _ _ _ _ _ _ _ _ _ _ _ _ _ _ _ _ 
qiskit_braket_provider/providers/adapter.py:979: in _restore_verbatim_boxes
    reconstructed_circuit.append(
/opt/anaconda3/envs/braket/lib/python3.12/site-packages/qiskit/circuit/quantumcircuit.py:2916: in append
    operation.broadcast_arguments(expanded_qargs, expanded_cargs)
_ _ _ _ _ _ _ _ _ _ _ _ _ _ _ _ _ _ _ _ _ _ _ _ _ _ _ _ _ _ _ _ _ _ _ _ _ _ _ _ 

self = Instruction(name='h', num_qubits=1, num_clbits=0, params=[])
qargs = [[<Qubit register=(2, "q"), index=0>], [<Qubit register=(2, "q"), index=1>]]
cargs = []

    def broadcast_arguments(self, qargs: list, cargs: list) -> Iterable[tuple[list, list]]:
        """Validation and handling of the arguments and its relationship.
    
        For example, ``cx([q[0],q[1]], q[2])`` means ``cx(q[0], q[2]); cx(q[1], q[2])``. This
        method yields the arguments in the right grouping. In the given example::
    
            in: [[q[0],q[1]], q[2]],[]
            outs: [q[0], q[2]], []
                  [q[1], q[2]], []
    
        The general broadcasting rules are:
    
            * If len(qargs) == 1::
    
                [q[0], q[1]] -> [q[0]],[q[1]]
    
            * If len(qargs) == 2::
    
                [[q[0], q[1]], [r[0], r[1]]] -> [q[0], r[0]], [q[1], r[1]]
                [[q[0]], [r[0], r[1]]]       -> [q[0], r[0]], [q[0], r[1]]
                [[q[0], q[1]], [r[0]]]       -> [q[0], r[0]], [q[1], r[0]]
    
            * If len(qargs) >= 3::
    
                [q[0], q[1]], [r[0], r[1]],  ...] -> [q[0], r[0], ...], [q[1], r[1], ...]
    
        Args:
            qargs: List of quantum bit arguments.
            cargs: List of classical bit arguments.
    
        Returns:
            A tuple with single arguments.
    
        Raises:
            CircuitError: If the input is not valid. For example, the number of
                arguments does not match the gate expectation.
        """
        if len(qargs) != self.num_qubits or cargs:
>           raise CircuitError(
                f"The amount of qubit({len(qargs)})/clbit({len(cargs)}) arguments does"
                f" not match the gate expectation ({self.num_qubits})."
            )
E           qiskit.circuit.exceptions.CircuitError: 'The amount of qubit(2)/clbit(0) arguments does not match the gate expectation (1).'

/opt/anaconda3/envs/braket/lib/python3.12/site-packages/qiskit/circuit/gate.py:237: CircuitError
__________ TestRestoreVerbatimBoxes.test_error_invalid_qubit_mapping ___________

self = <tests.providers.test_adapter_to_braket_verbatim.TestRestoreVerbatimBoxes object at 0x310adc530>

    def test_error_invalid_qubit_mapping(self):
        """Test error when qubit mapping fails."""
        # Create verbatim box circuit with 3 qubits
        box_circuit = QuantumCircuit(3)
        box_circuit.h(0)
        box_circuit.cx(1, 2)
    
        # Create transpiled circuit with barrier on only 2 qubits
        # This will cause mapping to fail since box uses 3 qubits
        transpiled_circuit = QuantumCircuit(3)
        barrier = Barrier(2, label="verbatim")
        transpiled_circuit.append(barrier, [0, 1])
    
        # Try to restore - should fail because box needs 3 qubits but barrier only has 2
        verbatim_boxes = [(box_circuit, [0, 1, 2])]
    
        with pytest.raises(ValueError, match="Failed to map qubits"):
>           _restore_verbatim_boxes(transpiled_circuit, verbatim_boxes, "verbatim")

tests/providers/test_adapter_to_braket_verbatim.py:299: 
_ _ _ _ _ _ _ _ _ _ _ _ _ _ _ _ _ _ _ _ _ _ _ _ _ _ _ _ _ _ _ _ _ _ _ _ _ _ _ _ 
qiskit_braket_provider/providers/adapter.py:979: in _restore_verbatim_boxes
    reconstructed_circuit.append(
/opt/anaconda3/envs/braket/lib/python3.12/site-packages/qiskit/circuit/quantumcircuit.py:2916: in append
    operation.broadcast_arguments(expanded_qargs, expanded_cargs)
_ _ _ _ _ _ _ _ _ _ _ _ _ _ _ _ _ _ _ _ _ _ _ _ _ _ _ _ _ _ _ _ _ _ _ _ _ _ _ _ 

self = Instruction(name='h', num_qubits=1, num_clbits=0, params=[])
qargs = [[<Qubit register=(3, "q"), index=0>], [<Qubit register=(3, "q"), index=1>]]
cargs = []

    def broadcast_arguments(self, qargs: list, cargs: list) -> Iterable[tuple[list, list]]:
        """Validation and handling of the arguments and its relationship.
    
        For example, ``cx([q[0],q[1]], q[2])`` means ``cx(q[0], q[2]); cx(q[1], q[2])``. This
        method yields the arguments in the right grouping. In the given example::
    
            in: [[q[0],q[1]], q[2]],[]
            outs: [q[0], q[2]], []
                  [q[1], q[2]], []
    
        The general broadcasting rules are:
    
            * If len(qargs) == 1::
    
                [q[0], q[1]] -> [q[0]],[q[1]]
    
            * If len(qargs) == 2::
    
                [[q[0], q[1]], [r[0], r[1]]] -> [q[0], r[0]], [q[1], r[1]]
                [[q[0]], [r[0], r[1]]]       -> [q[0], r[0]], [q[0], r[1]]
                [[q[0], q[1]], [r[0]]]       -> [q[0], r[0]], [q[1], r[0]]
    
            * If len(qargs) >= 3::
    
                [q[0], q[1]], [r[0], r[1]],  ...] -> [q[0], r[0], ...], [q[1], r[1], ...]
    
        Args:
            qargs: List of quantum bit arguments.
            cargs: List of classical bit arguments.
    
        Returns:
            A tuple with single arguments.
    
        Raises:
            CircuitError: If the input is not valid. For example, the number of
                arguments does not match the gate expectation.
        """
        if len(qargs) != self.num_qubits or cargs:
>           raise CircuitError(
                f"The amount of qubit({len(qargs)})/clbit({len(cargs)}) arguments does"
                f" not match the gate expectation ({self.num_qubits})."
            )
E           qiskit.circuit.exceptions.CircuitError: 'The amount of qubit(2)/clbit(0) arguments does not match the gate expectation (1).'

/opt/anaconda3/envs/braket/lib/python3.12/site-packages/qiskit/circuit/gate.py:237: CircuitError
_______ TestToBraketIntegration.test_to_braket_with_single_verbatim_box ________

self = <tests.providers.test_adapter_to_braket_verbatim.TestToBraketIntegration object at 0x310adc2c0>

    def test_to_braket_with_single_verbatim_box(self):
        """Test to_braket with a single verbatim box."""
        # Create verbatim box circuit
        inner_circuit = QuantumCircuit(2)
        inner_circuit.h(0)
        inner_circuit.cx(0, 1)
    
        # Create main circuit with BoxOp and additional gates
        qiskit_circuit = QuantumCircuit(2)
        qiskit_circuit.x(0)  # Gate before verbatim box
        box_op = BoxOp(inner_circuit, label="verbatim")
        qiskit_circuit.append(box_op, [0, 1])
        qiskit_circuit.y(1)  # Gate after verbatim box
    
        # Convert to Braket
>       braket_circuit = to_braket(qiskit_circuit, verbatim=False)
                         ^^^^^^^^^^^^^^^^^^^^^^^^^^^^^^^^^^^^^^^^^

tests/providers/test_adapter_to_braket_verbatim.py:321: 
_ _ _ _ _ _ _ _ _ _ _ _ _ _ _ _ _ _ _ _ _ _ _ _ _ _ _ _ _ _ _ _ _ _ _ _ _ _ _ _ 
qiskit_braket_provider/providers/adapter.py:1180: in to_braket
    _restore_verbatim_boxes(circ, verbatim_boxes, verbatim_box_name)
qiskit_braket_provider/providers/adapter.py:979: in _restore_verbatim_boxes
    reconstructed_circuit.append(
/opt/anaconda3/envs/braket/lib/python3.12/site-packages/qiskit/circuit/quantumcircuit.py:2916: in append
    operation.broadcast_arguments(expanded_qargs, expanded_cargs)
_ _ _ _ _ _ _ _ _ _ _ _ _ _ _ _ _ _ _ _ _ _ _ _ _ _ _ _ _ _ _ _ _ _ _ _ _ _ _ _ 

self = Instruction(name='h', num_qubits=1, num_clbits=0, params=[])
qargs = [[<Qubit register=(2, "q"), index=0>], [<Qubit register=(2, "q"), index=1>]]
cargs = []

    def broadcast_arguments(self, qargs: list, cargs: list) -> Iterable[tuple[list, list]]:
        """Validation and handling of the arguments and its relationship.
    
        For example, ``cx([q[0],q[1]], q[2])`` means ``cx(q[0], q[2]); cx(q[1], q[2])``. This
        method yields the arguments in the right grouping. In the given example::
    
            in: [[q[0],q[1]], q[2]],[]
            outs: [q[0], q[2]], []
                  [q[1], q[2]], []
    
        The general broadcasting rules are:
    
            * If len(qargs) == 1::
    
                [q[0], q[1]] -> [q[0]],[q[1]]
    
            * If len(qargs) == 2::
    
                [[q[0], q[1]], [r[0], r[1]]] -> [q[0], r[0]], [q[1], r[1]]
                [[q[0]], [r[0], r[1]]]       -> [q[0], r[0]], [q[0], r[1]]
                [[q[0], q[1]], [r[0]]]       -> [q[0], r[0]], [q[1], r[0]]
    
            * If len(qargs) >= 3::
    
                [q[0], q[1]], [r[0], r[1]],  ...] -> [q[0], r[0], ...], [q[1], r[1], ...]
    
        Args:
            qargs: List of quantum bit arguments.
            cargs: List of classical bit arguments.
    
        Returns:
            A tuple with single arguments.
    
        Raises:
            CircuitError: If the input is not valid. For example, the number of
                arguments does not match the gate expectation.
        """
        if len(qargs) != self.num_qubits or cargs:
>           raise CircuitError(
                f"The amount of qubit({len(qargs)})/clbit({len(cargs)}) arguments does"
                f" not match the gate expectation ({self.num_qubits})."
            )
E           qiskit.circuit.exceptions.CircuitError: 'The amount of qubit(2)/clbit(0) arguments does not match the gate expectation (1).'

/opt/anaconda3/envs/braket/lib/python3.12/site-packages/qiskit/circuit/gate.py:237: CircuitError
_____ TestToBraketIntegration.test_to_braket_with_multiple_verbatim_boxes ______

self = <tests.providers.test_adapter_to_braket_verbatim.TestToBraketIntegration object at 0x310adc9b0>

    def test_to_braket_with_multiple_verbatim_boxes(self):
        """Test to_braket with multiple verbatim boxes."""
        # Create first verbatim box
        inner_circuit1 = QuantumCircuit(2)
        inner_circuit1.h(0)
    
        # Create second verbatim box
        inner_circuit2 = QuantumCircuit(2)
        inner_circuit2.cx(0, 1)
    
        # Create main circuit with multiple BoxOps
        qiskit_circuit = QuantumCircuit(2)
        box_op1 = BoxOp(inner_circuit1, label="verbatim")
        qiskit_circuit.append(box_op1, [0, 1])
        qiskit_circuit.x(1)
        box_op2 = BoxOp(inner_circuit2, label="verbatim")
        qiskit_circuit.append(box_op2, [0, 1])
    
        # Convert to Braket
>       braket_circuit = to_braket(qiskit_circuit, verbatim=False)
                         ^^^^^^^^^^^^^^^^^^^^^^^^^^^^^^^^^^^^^^^^^

tests/providers/test_adapter_to_braket_verbatim.py:352: 
_ _ _ _ _ _ _ _ _ _ _ _ _ _ _ _ _ _ _ _ _ _ _ _ _ _ _ _ _ _ _ _ _ _ _ _ _ _ _ _ 
qiskit_braket_provider/providers/adapter.py:1180: in to_braket
    _restore_verbatim_boxes(circ, verbatim_boxes, verbatim_box_name)
qiskit_braket_provider/providers/adapter.py:979: in _restore_verbatim_boxes
    reconstructed_circuit.append(
/opt/anaconda3/envs/braket/lib/python3.12/site-packages/qiskit/circuit/quantumcircuit.py:2916: in append
    operation.broadcast_arguments(expanded_qargs, expanded_cargs)
_ _ _ _ _ _ _ _ _ _ _ _ _ _ _ _ _ _ _ _ _ _ _ _ _ _ _ _ _ _ _ _ _ _ _ _ _ _ _ _ 

self = Instruction(name='h', num_qubits=1, num_clbits=0, params=[])
qargs = [[<Qubit register=(2, "q"), index=0>], [<Qubit register=(2, "q"), index=1>]]
cargs = []

    def broadcast_arguments(self, qargs: list, cargs: list) -> Iterable[tuple[list, list]]:
        """Validation and handling of the arguments and its relationship.
    
        For example, ``cx([q[0],q[1]], q[2])`` means ``cx(q[0], q[2]); cx(q[1], q[2])``. This
        method yields the arguments in the right grouping. In the given example::
    
            in: [[q[0],q[1]], q[2]],[]
            outs: [q[0], q[2]], []
                  [q[1], q[2]], []
    
        The general broadcasting rules are:
    
            * If len(qargs) == 1::
    
                [q[0], q[1]] -> [q[0]],[q[1]]
    
            * If len(qargs) == 2::
    
                [[q[0], q[1]], [r[0], r[1]]] -> [q[0], r[0]], [q[1], r[1]]
                [[q[0]], [r[0], r[1]]]       -> [q[0], r[0]], [q[0], r[1]]
                [[q[0], q[1]], [r[0]]]       -> [q[0], r[0]], [q[1], r[0]]
    
            * If len(qargs) >= 3::
    
                [q[0], q[1]], [r[0], r[1]],  ...] -> [q[0], r[0], ...], [q[1], r[1], ...]
    
        Args:
            qargs: List of quantum bit arguments.
            cargs: List of classical bit arguments.
    
        Returns:
            A tuple with single arguments.
    
        Raises:
            CircuitError: If the input is not valid. For example, the number of
                arguments does not match the gate expectation.
        """
        if len(qargs) != self.num_qubits or cargs:
>           raise CircuitError(
                f"The amount of qubit({len(qargs)})/clbit({len(cargs)}) arguments does"
                f" not match the gate expectation ({self.num_qubits})."
            )
E           qiskit.circuit.exceptions.CircuitError: 'The amount of qubit(2)/clbit(0) arguments does not match the gate expectation (1).'

/opt/anaconda3/envs/braket/lib/python3.12/site-packages/qiskit/circuit/gate.py:237: CircuitError
_____ TestToBraketIntegration.test_to_braket_with_custom_verbatim_box_name _____

self = <tests.providers.test_adapter_to_braket_verbatim.TestToBraketIntegration object at 0x310adcc80>

    def test_to_braket_with_custom_verbatim_box_name(self):
        """Test to_braket with custom verbatim box name."""
        # Create verbatim box with custom label
        inner_circuit = QuantumCircuit(2)
        inner_circuit.h(0)
        inner_circuit.cx(0, 1)  # Use both qubits
    
        # Create main circuit with custom BoxOp label
        qiskit_circuit = QuantumCircuit(2)
        box_op = BoxOp(inner_circuit, label="custom_verbatim")
        qiskit_circuit.append(box_op, [0, 1])
    
        # Convert to Braket with custom verbatim_box_name
>       braket_circuit = to_braket(
            qiskit_circuit,
            verbatim=False,
            verbatim_box_name="custom_verbatim"
        )

tests/providers/test_adapter_to_braket_verbatim.py:371: 
_ _ _ _ _ _ _ _ _ _ _ _ _ _ _ _ _ _ _ _ _ _ _ _ _ _ _ _ _ _ _ _ _ _ _ _ _ _ _ _ 
qiskit_braket_provider/providers/adapter.py:1180: in to_braket
    _restore_verbatim_boxes(circ, verbatim_boxes, verbatim_box_name)
qiskit_braket_provider/providers/adapter.py:979: in _restore_verbatim_boxes
    reconstructed_circuit.append(
/opt/anaconda3/envs/braket/lib/python3.12/site-packages/qiskit/circuit/quantumcircuit.py:2916: in append
    operation.broadcast_arguments(expanded_qargs, expanded_cargs)
_ _ _ _ _ _ _ _ _ _ _ _ _ _ _ _ _ _ _ _ _ _ _ _ _ _ _ _ _ _ _ _ _ _ _ _ _ _ _ _ 

self = Instruction(name='h', num_qubits=1, num_clbits=0, params=[])
qargs = [[<Qubit register=(2, "q"), index=0>], [<Qubit register=(2, "q"), index=1>]]
cargs = []

    def broadcast_arguments(self, qargs: list, cargs: list) -> Iterable[tuple[list, list]]:
        """Validation and handling of the arguments and its relationship.
    
        For example, ``cx([q[0],q[1]], q[2])`` means ``cx(q[0], q[2]); cx(q[1], q[2])``. This
        method yields the arguments in the right grouping. In the given example::
    
            in: [[q[0],q[1]], q[2]],[]
            outs: [q[0], q[2]], []
                  [q[1], q[2]], []
    
        The general broadcasting rules are:
    
            * If len(qargs) == 1::
    
                [q[0], q[1]] -> [q[0]],[q[1]]
    
            * If len(qargs) == 2::
    
                [[q[0], q[1]], [r[0], r[1]]] -> [q[0], r[0]], [q[1], r[1]]
                [[q[0]], [r[0], r[1]]]       -> [q[0], r[0]], [q[0], r[1]]
                [[q[0], q[1]], [r[0]]]       -> [q[0], r[0]], [q[1], r[0]]
    
            * If len(qargs) >= 3::
    
                [q[0], q[1]], [r[0], r[1]],  ...] -> [q[0], r[0], ...], [q[1], r[1], ...]
    
        Args:
            qargs: List of quantum bit arguments.
            cargs: List of classical bit arguments.
    
        Returns:
            A tuple with single arguments.
    
        Raises:
            CircuitError: If the input is not valid. For example, the number of
                arguments does not match the gate expectation.
        """
        if len(qargs) != self.num_qubits or cargs:
>           raise CircuitError(
                f"The amount of qubit({len(qargs)})/clbit({len(cargs)}) arguments does"
                f" not match the gate expectation ({self.num_qubits})."
            )
E           qiskit.circuit.exceptions.CircuitError: 'The amount of qubit(2)/clbit(0) arguments does not match the gate expectation (1).'

/opt/anaconda3/envs/braket/lib/python3.12/site-packages/qiskit/circuit/gate.py:237: CircuitError
_________ TestToBraketIntegration.test_to_braket_without_transpilation _________

self = <tests.providers.test_adapter_to_braket_verbatim.TestToBraketIntegration object at 0x310add4f0>

    def test_to_braket_without_transpilation(self):
        """Test to_braket with verbatim=True skips verbatim box handling."""
        # Create verbatim box circuit
        inner_circuit = QuantumCircuit(2)
        inner_circuit.h(0)
    
        # Create main circuit with BoxOp
        qiskit_circuit = QuantumCircuit(2)
        box_op = BoxOp(inner_circuit, label="verbatim")
        qiskit_circuit.append(box_op, [0, 1])
    
        # Convert to Braket with verbatim=True (no transpilation)
        # This should skip verbatim box handling since transpilation is skipped
>       braket_circuit = to_braket(qiskit_circuit, verbatim=True)
                         ^^^^^^^^^^^^^^^^^^^^^^^^^^^^^^^^^^^^^^^^

tests/providers/test_adapter_to_braket_verbatim.py:432: 
_ _ _ _ _ _ _ _ _ _ _ _ _ _ _ _ _ _ _ _ _ _ _ _ _ _ _ _ _ _ _ _ _ _ _ _ _ _ _ _ 
qiskit_braket_provider/providers/adapter.py:1180: in to_braket
    _restore_verbatim_boxes(circ, verbatim_boxes, verbatim_box_name)
qiskit_braket_provider/providers/adapter.py:979: in _restore_verbatim_boxes
    reconstructed_circuit.append(
/opt/anaconda3/envs/braket/lib/python3.12/site-packages/qiskit/circuit/quantumcircuit.py:2916: in append
    operation.broadcast_arguments(expanded_qargs, expanded_cargs)
_ _ _ _ _ _ _ _ _ _ _ _ _ _ _ _ _ _ _ _ _ _ _ _ _ _ _ _ _ _ _ _ _ _ _ _ _ _ _ _ 

self = Instruction(name='h', num_qubits=1, num_clbits=0, params=[])
qargs = [[<Qubit register=(2, "q"), index=0>], [<Qubit register=(2, "q"), index=1>]]
cargs = []

    def broadcast_arguments(self, qargs: list, cargs: list) -> Iterable[tuple[list, list]]:
        """Validation and handling of the arguments and its relationship.
    
        For example, ``cx([q[0],q[1]], q[2])`` means ``cx(q[0], q[2]); cx(q[1], q[2])``. This
        method yields the arguments in the right grouping. In the given example::
    
            in: [[q[0],q[1]], q[2]],[]
            outs: [q[0], q[2]], []
                  [q[1], q[2]], []
    
        The general broadcasting rules are:
    
            * If len(qargs) == 1::
    
                [q[0], q[1]] -> [q[0]],[q[1]]
    
            * If len(qargs) == 2::
    
                [[q[0], q[1]], [r[0], r[1]]] -> [q[0], r[0]], [q[1], r[1]]
                [[q[0]], [r[0], r[1]]]       -> [q[0], r[0]], [q[0], r[1]]
                [[q[0], q[1]], [r[0]]]       -> [q[0], r[0]], [q[1], r[0]]
    
            * If len(qargs) >= 3::
    
                [q[0], q[1]], [r[0], r[1]],  ...] -> [q[0], r[0], ...], [q[1], r[1], ...]
    
        Args:
            qargs: List of quantum bit arguments.
            cargs: List of classical bit arguments.
    
        Returns:
            A tuple with single arguments.
    
        Raises:
            CircuitError: If the input is not valid. For example, the number of
                arguments does not match the gate expectation.
        """
        if len(qargs) != self.num_qubits or cargs:
>           raise CircuitError(
                f"The amount of qubit({len(qargs)})/clbit({len(cargs)}) arguments does"
                f" not match the gate expectation ({self.num_qubits})."
            )
E           qiskit.circuit.exceptions.CircuitError: 'The amount of qubit(2)/clbit(0) arguments does not match the gate expectation (1).'

/opt/anaconda3/envs/braket/lib/python3.12/site-packages/qiskit/circuit/gate.py:237: CircuitError
_ TestToBraketIntegration.test_to_braket_uses_trivial_layout_for_verbatim_boxes _

self = <tests.providers.test_adapter_to_braket_verbatim.TestToBraketIntegration object at 0x310add7c0>

    def test_to_braket_uses_trivial_layout_for_verbatim_boxes(self):
        """Test that to_braket uses trivial layout when verbatim boxes are present."""
        # Create verbatim box circuit
        inner_circuit = QuantumCircuit(2)
        inner_circuit.h(0)
        inner_circuit.cx(0, 1)
    
        # Create main circuit with BoxOp
        qiskit_circuit = QuantumCircuit(2)
        box_op = BoxOp(inner_circuit, label="verbatim")
        qiskit_circuit.append(box_op, [0, 1])
    
        # Convert to Braket (should use trivial layout automatically)
>       braket_circuit = to_braket(qiskit_circuit, verbatim=False)
                         ^^^^^^^^^^^^^^^^^^^^^^^^^^^^^^^^^^^^^^^^^

tests/providers/test_adapter_to_braket_verbatim.py:450: 
_ _ _ _ _ _ _ _ _ _ _ _ _ _ _ _ _ _ _ _ _ _ _ _ _ _ _ _ _ _ _ _ _ _ _ _ _ _ _ _ 
qiskit_braket_provider/providers/adapter.py:1180: in to_braket
    _restore_verbatim_boxes(circ, verbatim_boxes, verbatim_box_name)
qiskit_braket_provider/providers/adapter.py:979: in _restore_verbatim_boxes
    reconstructed_circuit.append(
/opt/anaconda3/envs/braket/lib/python3.12/site-packages/qiskit/circuit/quantumcircuit.py:2916: in append
    operation.broadcast_arguments(expanded_qargs, expanded_cargs)
_ _ _ _ _ _ _ _ _ _ _ _ _ _ _ _ _ _ _ _ _ _ _ _ _ _ _ _ _ _ _ _ _ _ _ _ _ _ _ _ 

self = Instruction(name='h', num_qubits=1, num_clbits=0, params=[])
qargs = [[<Qubit register=(2, "q"), index=0>], [<Qubit register=(2, "q"), index=1>]]
cargs = []

    def broadcast_arguments(self, qargs: list, cargs: list) -> Iterable[tuple[list, list]]:
        """Validation and handling of the arguments and its relationship.
    
        For example, ``cx([q[0],q[1]], q[2])`` means ``cx(q[0], q[2]); cx(q[1], q[2])``. This
        method yields the arguments in the right grouping. In the given example::
    
            in: [[q[0],q[1]], q[2]],[]
            outs: [q[0], q[2]], []
                  [q[1], q[2]], []
    
        The general broadcasting rules are:
    
            * If len(qargs) == 1::
    
                [q[0], q[1]] -> [q[0]],[q[1]]
    
            * If len(qargs) == 2::
    
                [[q[0], q[1]], [r[0], r[1]]] -> [q[0], r[0]], [q[1], r[1]]
                [[q[0]], [r[0], r[1]]]       -> [q[0], r[0]], [q[0], r[1]]
                [[q[0], q[1]], [r[0]]]       -> [q[0], r[0]], [q[1], r[0]]
    
            * If len(qargs) >= 3::
    
                [q[0], q[1]], [r[0], r[1]],  ...] -> [q[0], r[0], ...], [q[1], r[1], ...]
    
        Args:
            qargs: List of quantum bit arguments.
            cargs: List of classical bit arguments.
    
        Returns:
            A tuple with single arguments.
    
        Raises:
            CircuitError: If the input is not valid. For example, the number of
                arguments does not match the gate expectation.
        """
        if len(qargs) != self.num_qubits or cargs:
>           raise CircuitError(
                f"The amount of qubit({len(qargs)})/clbit({len(cargs)}) arguments does"
                f" not match the gate expectation ({self.num_qubits})."
            )
E           qiskit.circuit.exceptions.CircuitError: 'The amount of qubit(2)/clbit(0) arguments does not match the gate expectation (1).'

/opt/anaconda3/envs/braket/lib/python3.12/site-packages/qiskit/circuit/gate.py:237: CircuitError
________ TestToBraketIntegration.test_to_braket_layout_method_override _________

self = <tests.providers.test_adapter_to_braket_verbatim.TestToBraketIntegration object at 0x310adda90>

    def test_to_braket_layout_method_override(self):
        """Test that user can override layout_method."""
        # Create verbatim box circuit
        inner_circuit = QuantumCircuit(2)
        inner_circuit.h(0)
    
        # Create main circuit with BoxOp
        qiskit_circuit = QuantumCircuit(2)
        box_op = BoxOp(inner_circuit, label="verbatim")
        qiskit_circuit.append(box_op, [0, 1])
    
        # Convert to Braket with explicit layout_method
        # User override should be respected
>       braket_circuit = to_braket(
            qiskit_circuit,
            verbatim=False,
            layout_method='dense'
        )

tests/providers/test_adapter_to_braket_verbatim.py:470: 
_ _ _ _ _ _ _ _ _ _ _ _ _ _ _ _ _ _ _ _ _ _ _ _ _ _ _ _ _ _ _ _ _ _ _ _ _ _ _ _ 
qiskit_braket_provider/providers/adapter.py:1180: in to_braket
    _restore_verbatim_boxes(circ, verbatim_boxes, verbatim_box_name)
qiskit_braket_provider/providers/adapter.py:979: in _restore_verbatim_boxes
    reconstructed_circuit.append(
/opt/anaconda3/envs/braket/lib/python3.12/site-packages/qiskit/circuit/quantumcircuit.py:2916: in append
    operation.broadcast_arguments(expanded_qargs, expanded_cargs)
_ _ _ _ _ _ _ _ _ _ _ _ _ _ _ _ _ _ _ _ _ _ _ _ _ _ _ _ _ _ _ _ _ _ _ _ _ _ _ _ 

self = Instruction(name='h', num_qubits=1, num_clbits=0, params=[])
qargs = [[<Qubit register=(2, "q"), index=0>], [<Qubit register=(2, "q"), index=1>]]
cargs = []

    def broadcast_arguments(self, qargs: list, cargs: list) -> Iterable[tuple[list, list]]:
        """Validation and handling of the arguments and its relationship.
    
        For example, ``cx([q[0],q[1]], q[2])`` means ``cx(q[0], q[2]); cx(q[1], q[2])``. This
        method yields the arguments in the right grouping. In the given example::
    
            in: [[q[0],q[1]], q[2]],[]
            outs: [q[0], q[2]], []
                  [q[1], q[2]], []
    
        The general broadcasting rules are:
    
            * If len(qargs) == 1::
    
                [q[0], q[1]] -> [q[0]],[q[1]]
    
            * If len(qargs) == 2::
    
                [[q[0], q[1]], [r[0], r[1]]] -> [q[0], r[0]], [q[1], r[1]]
                [[q[0]], [r[0], r[1]]]       -> [q[0], r[0]], [q[0], r[1]]
                [[q[0], q[1]], [r[0]]]       -> [q[0], r[0]], [q[1], r[0]]
    
            * If len(qargs) >= 3::
    
                [q[0], q[1]], [r[0], r[1]],  ...] -> [q[0], r[0], ...], [q[1], r[1], ...]
    
        Args:
            qargs: List of quantum bit arguments.
            cargs: List of classical bit arguments.
    
        Returns:
            A tuple with single arguments.
    
        Raises:
            CircuitError: If the input is not valid. For example, the number of
                arguments does not match the gate expectation.
        """
        if len(qargs) != self.num_qubits or cargs:
>           raise CircuitError(
                f"The amount of qubit({len(qargs)})/clbit({len(cargs)}) arguments does"
                f" not match the gate expectation ({self.num_qubits})."
            )
E           qiskit.circuit.exceptions.CircuitError: 'The amount of qubit(2)/clbit(0) arguments does not match the gate expectation (1).'

/opt/anaconda3/envs/braket/lib/python3.12/site-packages/qiskit/circuit/gate.py:237: CircuitError
________ TestToBraketIntegration.test_to_braket_routing_method_override ________

self = <tests.providers.test_adapter_to_braket_verbatim.TestToBraketIntegration object at 0x310addd60>

    def test_to_braket_routing_method_override(self):
        """Test that user can override routing_method."""
        # Create verbatim box circuit
        inner_circuit = QuantumCircuit(2)
        inner_circuit.h(0)
    
        # Create main circuit with BoxOp
        qiskit_circuit = QuantumCircuit(2)
        box_op = BoxOp(inner_circuit, label="verbatim")
        qiskit_circuit.append(box_op, [0, 1])
    
        # Convert to Braket with explicit routing_method
        # User override should be respected
>       braket_circuit = to_braket(
            qiskit_circuit,
            verbatim=False,
            routing_method='sabre'
        )

tests/providers/test_adapter_to_braket_verbatim.py:492: 
_ _ _ _ _ _ _ _ _ _ _ _ _ _ _ _ _ _ _ _ _ _ _ _ _ _ _ _ _ _ _ _ _ _ _ _ _ _ _ _ 
qiskit_braket_provider/providers/adapter.py:1180: in to_braket
    _restore_verbatim_boxes(circ, verbatim_boxes, verbatim_box_name)
qiskit_braket_provider/providers/adapter.py:979: in _restore_verbatim_boxes
    reconstructed_circuit.append(
/opt/anaconda3/envs/braket/lib/python3.12/site-packages/qiskit/circuit/quantumcircuit.py:2916: in append
    operation.broadcast_arguments(expanded_qargs, expanded_cargs)
_ _ _ _ _ _ _ _ _ _ _ _ _ _ _ _ _ _ _ _ _ _ _ _ _ _ _ _ _ _ _ _ _ _ _ _ _ _ _ _ 

self = Instruction(name='h', num_qubits=1, num_clbits=0, params=[])
qargs = [[<Qubit register=(2, "q"), index=0>], [<Qubit register=(2, "q"), index=1>]]
cargs = []

    def broadcast_arguments(self, qargs: list, cargs: list) -> Iterable[tuple[list, list]]:
        """Validation and handling of the arguments and its relationship.
    
        For example, ``cx([q[0],q[1]], q[2])`` means ``cx(q[0], q[2]); cx(q[1], q[2])``. This
        method yields the arguments in the right grouping. In the given example::
    
            in: [[q[0],q[1]], q[2]],[]
            outs: [q[0], q[2]], []
                  [q[1], q[2]], []
    
        The general broadcasting rules are:
    
            * If len(qargs) == 1::
    
                [q[0], q[1]] -> [q[0]],[q[1]]
    
            * If len(qargs) == 2::
    
                [[q[0], q[1]], [r[0], r[1]]] -> [q[0], r[0]], [q[1], r[1]]
                [[q[0]], [r[0], r[1]]]       -> [q[0], r[0]], [q[0], r[1]]
                [[q[0], q[1]], [r[0]]]       -> [q[0], r[0]], [q[1], r[0]]
    
            * If len(qargs) >= 3::
    
                [q[0], q[1]], [r[0], r[1]],  ...] -> [q[0], r[0], ...], [q[1], r[1], ...]
    
        Args:
            qargs: List of quantum bit arguments.
            cargs: List of classical bit arguments.
    
        Returns:
            A tuple with single arguments.
    
        Raises:
            CircuitError: If the input is not valid. For example, the number of
                arguments does not match the gate expectation.
        """
        if len(qargs) != self.num_qubits or cargs:
>           raise CircuitError(
                f"The amount of qubit({len(qargs)})/clbit({len(cargs)}) arguments does"
                f" not match the gate expectation ({self.num_qubits})."
            )
E           qiskit.circuit.exceptions.CircuitError: 'The amount of qubit(2)/clbit(0) arguments does not match the gate expectation (1).'

/opt/anaconda3/envs/braket/lib/python3.12/site-packages/qiskit/circuit/gate.py:237: CircuitError
_ TestToBraketIntegration.test_to_braket_with_multiple_circuits_with_verbatim_boxes _

self = <tests.providers.test_adapter_to_braket_verbatim.TestToBraketIntegration object at 0x310ade030>

    def test_to_braket_with_multiple_circuits_with_verbatim_boxes(self):
        """Test to_braket with multiple circuits containing verbatim boxes."""
        # Create first circuit with verbatim box
        inner_circuit1 = QuantumCircuit(2)
        inner_circuit1.h(0)
        inner_circuit1.cx(0, 1)
    
        qiskit_circuit1 = QuantumCircuit(2)
        qiskit_circuit1.x(0)
        box_op1 = BoxOp(inner_circuit1, label="verbatim")
        qiskit_circuit1.append(box_op1, [0, 1])
    
        # Create second circuit with different verbatim box
        inner_circuit2 = QuantumCircuit(3)
        inner_circuit2.h(0)
        inner_circuit2.h(1)
        inner_circuit2.ccx(0, 1, 2)
    
        qiskit_circuit2 = QuantumCircuit(3)
        box_op2 = BoxOp(inner_circuit2, label="verbatim")
        qiskit_circuit2.append(box_op2, [0, 1, 2])
        qiskit_circuit2.z(2)
    
        # Create third circuit without verbatim boxes
        qiskit_circuit3 = QuantumCircuit(2)
        qiskit_circuit3.h(0)
        qiskit_circuit3.cx(0, 1)
    
        # Convert all circuits to Braket
>       braket_circuits = to_braket(
            [qiskit_circuit1, qiskit_circuit2, qiskit_circuit3],
            verbatim=False
        )

tests/providers/test_adapter_to_braket_verbatim.py:530: 
_ _ _ _ _ _ _ _ _ _ _ _ _ _ _ _ _ _ _ _ _ _ _ _ _ _ _ _ _ _ _ _ _ _ _ _ _ _ _ _ 
qiskit_braket_provider/providers/adapter.py:1180: in to_braket
    _restore_verbatim_boxes(circ, verbatim_boxes, verbatim_box_name)
qiskit_braket_provider/providers/adapter.py:979: in _restore_verbatim_boxes
    reconstructed_circuit.append(
/opt/anaconda3/envs/braket/lib/python3.12/site-packages/qiskit/circuit/quantumcircuit.py:2916: in append
    operation.broadcast_arguments(expanded_qargs, expanded_cargs)
_ _ _ _ _ _ _ _ _ _ _ _ _ _ _ _ _ _ _ _ _ _ _ _ _ _ _ _ _ _ _ _ _ _ _ _ _ _ _ _ 

self = Instruction(name='h', num_qubits=1, num_clbits=0, params=[])
qargs = [[<Qubit register=(2, "q"), index=0>], [<Qubit register=(2, "q"), index=1>]]
cargs = []

    def broadcast_arguments(self, qargs: list, cargs: list) -> Iterable[tuple[list, list]]:
        """Validation and handling of the arguments and its relationship.
    
        For example, ``cx([q[0],q[1]], q[2])`` means ``cx(q[0], q[2]); cx(q[1], q[2])``. This
        method yields the arguments in the right grouping. In the given example::
    
            in: [[q[0],q[1]], q[2]],[]
            outs: [q[0], q[2]], []
                  [q[1], q[2]], []
    
        The general broadcasting rules are:
    
            * If len(qargs) == 1::
    
                [q[0], q[1]] -> [q[0]],[q[1]]
    
            * If len(qargs) == 2::
    
                [[q[0], q[1]], [r[0], r[1]]] -> [q[0], r[0]], [q[1], r[1]]
                [[q[0]], [r[0], r[1]]]       -> [q[0], r[0]], [q[0], r[1]]
                [[q[0], q[1]], [r[0]]]       -> [q[0], r[0]], [q[1], r[0]]
    
            * If len(qargs) >= 3::
    
                [q[0], q[1]], [r[0], r[1]],  ...] -> [q[0], r[0], ...], [q[1], r[1], ...]
    
        Args:
            qargs: List of quantum bit arguments.
            cargs: List of classical bit arguments.
    
        Returns:
            A tuple with single arguments.
    
        Raises:
            CircuitError: If the input is not valid. For example, the number of
                arguments does not match the gate expectation.
        """
        if len(qargs) != self.num_qubits or cargs:
>           raise CircuitError(
                f"The amount of qubit({len(qargs)})/clbit({len(cargs)}) arguments does"
                f" not match the gate expectation ({self.num_qubits})."
            )
E           qiskit.circuit.exceptions.CircuitError: 'The amount of qubit(2)/clbit(0) arguments does not match the gate expectation (1).'

/opt/anaconda3/envs/braket/lib/python3.12/site-packages/qiskit/circuit/gate.py:237: CircuitError
__ TestRoundTripConversion.test_round_trip_single_verbatim_box_braket_program __

self = <tests.providers.test_adapter_to_braket_verbatim.TestRoundTripConversion object at 0x310ade360>

        def test_round_trip_single_verbatim_box_braket_program(self):
            """Test round-trip with single verbatim box starting from Braket Program."""
            from braket.circuits import Circuit as BraketCircuit
            from braket.ir.openqasm import Program
            from qiskit_braket_provider.providers.adapter import to_qiskit
    
            # Create OpenQASM 3.0 program with verbatim pragma
            openqasm_program = """
    OPENQASM 3.0;
    qubit[2] q;
    #pragma braket verbatim
    box {
        h q[0];
        cnot q[0], q[1];
    }
    x q[1];
    """
    
            # Create Braket Program
            braket_program = Program(source=openqasm_program)
    
            # Convert to Qiskit
            qiskit_circuit = to_qiskit(braket_program)
    
            # Verify BoxOp is created with verbatim label
            box_ops = [instr for instr in qiskit_circuit.data
                       if hasattr(instr.operation, 'label') and
                       instr.operation.label == 'verbatim']
            assert len(box_ops) == 1, "Expected one verbatim BoxOp"
    
            # Convert back to Braket
>           braket_circuit = to_braket(qiskit_circuit, verbatim=False)
                             ^^^^^^^^^^^^^^^^^^^^^^^^^^^^^^^^^^^^^^^^^

tests/providers/test_adapter_to_braket_verbatim.py:587: 
_ _ _ _ _ _ _ _ _ _ _ _ _ _ _ _ _ _ _ _ _ _ _ _ _ _ _ _ _ _ _ _ _ _ _ _ _ _ _ _ 
qiskit_braket_provider/providers/adapter.py:1180: in to_braket
    _restore_verbatim_boxes(circ, verbatim_boxes, verbatim_box_name)
qiskit_braket_provider/providers/adapter.py:979: in _restore_verbatim_boxes
    reconstructed_circuit.append(
/opt/anaconda3/envs/braket/lib/python3.12/site-packages/qiskit/circuit/quantumcircuit.py:2916: in append
    operation.broadcast_arguments(expanded_qargs, expanded_cargs)
_ _ _ _ _ _ _ _ _ _ _ _ _ _ _ _ _ _ _ _ _ _ _ _ _ _ _ _ _ _ _ _ _ _ _ _ _ _ _ _ 

self = Instruction(name='h', num_qubits=1, num_clbits=0, params=[])
qargs = [[<Qubit register=(2, "q"), index=0>], [<Qubit register=(2, "q"), index=1>]]
cargs = []

    def broadcast_arguments(self, qargs: list, cargs: list) -> Iterable[tuple[list, list]]:
        """Validation and handling of the arguments and its relationship.
    
        For example, ``cx([q[0],q[1]], q[2])`` means ``cx(q[0], q[2]); cx(q[1], q[2])``. This
        method yields the arguments in the right grouping. In the given example::
    
            in: [[q[0],q[1]], q[2]],[]
            outs: [q[0], q[2]], []
                  [q[1], q[2]], []
    
        The general broadcasting rules are:
    
            * If len(qargs) == 1::
    
                [q[0], q[1]] -> [q[0]],[q[1]]
    
            * If len(qargs) == 2::
    
                [[q[0], q[1]], [r[0], r[1]]] -> [q[0], r[0]], [q[1], r[1]]
                [[q[0]], [r[0], r[1]]]       -> [q[0], r[0]], [q[0], r[1]]
                [[q[0], q[1]], [r[0]]]       -> [q[0], r[0]], [q[1], r[0]]
    
            * If len(qargs) >= 3::
    
                [q[0], q[1]], [r[0], r[1]],  ...] -> [q[0], r[0], ...], [q[1], r[1], ...]
    
        Args:
            qargs: List of quantum bit arguments.
            cargs: List of classical bit arguments.
    
        Returns:
            A tuple with single arguments.
    
        Raises:
            CircuitError: If the input is not valid. For example, the number of
                arguments does not match the gate expectation.
        """
        if len(qargs) != self.num_qubits or cargs:
>           raise CircuitError(
                f"The amount of qubit({len(qargs)})/clbit({len(cargs)}) arguments does"
                f" not match the gate expectation ({self.num_qubits})."
            )
E           qiskit.circuit.exceptions.CircuitError: 'The amount of qubit(2)/clbit(0) arguments does not match the gate expectation (1).'

/opt/anaconda3/envs/braket/lib/python3.12/site-packages/qiskit/circuit/gate.py:237: CircuitError
_ TestRoundTripConversion.test_round_trip_multiple_verbatim_boxes_braket_program _

self = <tests.providers.test_adapter_to_braket_verbatim.TestRoundTripConversion object at 0x310a53a70>

        def test_round_trip_multiple_verbatim_boxes_braket_program(self):
            """Test round-trip with multiple verbatim boxes starting from Braket Program."""
            from braket.ir.openqasm import Program
            from qiskit_braket_provider.providers.adapter import to_qiskit
    
            # Create OpenQASM 3.0 program with multiple verbatim pragmas
            openqasm_program = """
    OPENQASM 3.0;
    qubit[2] q;
    #pragma braket verbatim
    box {
        h q[0];
    }
    x q[1];
    #pragma braket verbatim
    box {
        cnot q[0], q[1];
    }
    """
    
            # Create Braket Program
            braket_program = Program(source=openqasm_program)
    
            # Convert to Qiskit
            qiskit_circuit = to_qiskit(braket_program)
    
            # Verify multiple BoxOps are created
            box_ops = [instr for instr in qiskit_circuit.data
                       if hasattr(instr.operation, 'label') and
                       instr.operation.label == 'verbatim']
            assert len(box_ops) == 2, "Expected two verbatim BoxOps"
    
            # Convert back to Braket
>           braket_circuit = to_braket(qiskit_circuit, verbatim=False)
                             ^^^^^^^^^^^^^^^^^^^^^^^^^^^^^^^^^^^^^^^^^

tests/providers/test_adapter_to_braket_verbatim.py:632: 
_ _ _ _ _ _ _ _ _ _ _ _ _ _ _ _ _ _ _ _ _ _ _ _ _ _ _ _ _ _ _ _ _ _ _ _ _ _ _ _ 
qiskit_braket_provider/providers/adapter.py:1180: in to_braket
    _restore_verbatim_boxes(circ, verbatim_boxes, verbatim_box_name)
qiskit_braket_provider/providers/adapter.py:979: in _restore_verbatim_boxes
    reconstructed_circuit.append(
/opt/anaconda3/envs/braket/lib/python3.12/site-packages/qiskit/circuit/quantumcircuit.py:2916: in append
    operation.broadcast_arguments(expanded_qargs, expanded_cargs)
_ _ _ _ _ _ _ _ _ _ _ _ _ _ _ _ _ _ _ _ _ _ _ _ _ _ _ _ _ _ _ _ _ _ _ _ _ _ _ _ 

self = Instruction(name='h', num_qubits=1, num_clbits=0, params=[])
qargs = [[<Qubit register=(2, "q"), index=0>], [<Qubit register=(2, "q"), index=1>]]
cargs = []

    def broadcast_arguments(self, qargs: list, cargs: list) -> Iterable[tuple[list, list]]:
        """Validation and handling of the arguments and its relationship.
    
        For example, ``cx([q[0],q[1]], q[2])`` means ``cx(q[0], q[2]); cx(q[1], q[2])``. This
        method yields the arguments in the right grouping. In the given example::
    
            in: [[q[0],q[1]], q[2]],[]
            outs: [q[0], q[2]], []
                  [q[1], q[2]], []
    
        The general broadcasting rules are:
    
            * If len(qargs) == 1::
    
                [q[0], q[1]] -> [q[0]],[q[1]]
    
            * If len(qargs) == 2::
    
                [[q[0], q[1]], [r[0], r[1]]] -> [q[0], r[0]], [q[1], r[1]]
                [[q[0]], [r[0], r[1]]]       -> [q[0], r[0]], [q[0], r[1]]
                [[q[0], q[1]], [r[0]]]       -> [q[0], r[0]], [q[1], r[0]]
    
            * If len(qargs) >= 3::
    
                [q[0], q[1]], [r[0], r[1]],  ...] -> [q[0], r[0], ...], [q[1], r[1], ...]
    
        Args:
            qargs: List of quantum bit arguments.
            cargs: List of classical bit arguments.
    
        Returns:
            A tuple with single arguments.
    
        Raises:
            CircuitError: If the input is not valid. For example, the number of
                arguments does not match the gate expectation.
        """
        if len(qargs) != self.num_qubits or cargs:
>           raise CircuitError(
                f"The amount of qubit({len(qargs)})/clbit({len(cargs)}) arguments does"
                f" not match the gate expectation ({self.num_qubits})."
            )
E           qiskit.circuit.exceptions.CircuitError: 'The amount of qubit(2)/clbit(0) arguments does not match the gate expectation (1).'

/opt/anaconda3/envs/braket/lib/python3.12/site-packages/qiskit/circuit/gate.py:237: CircuitError
_ TestRoundTripConversion.test_round_trip_custom_verbatim_box_name_braket_program _

self = <tests.providers.test_adapter_to_braket_verbatim.TestRoundTripConversion object at 0x310aa1a00>

        def test_round_trip_custom_verbatim_box_name_braket_program(self):
            """Test round-trip with custom verbatim box name starting from Braket Program.
    
            Note: The OpenQASM pragma is always 'braket verbatim', but we can use a custom
            label for the BoxOp in Qiskit.
            """
            from braket.ir.openqasm import Program
            from qiskit_braket_provider.providers.adapter import to_qiskit
    
            # Create OpenQASM 3.0 program with standard verbatim pragma
            # (The pragma name is fixed, but we'll use a custom BoxOp label)
            openqasm_program = """
    OPENQASM 3.0;
    qubit[2] q;
    #pragma braket verbatim
    box {
        h q[0];
        cnot q[0], q[1];
    }
    """
    
            # Create Braket Program
            braket_program = Program(source=openqasm_program)
    
            # Convert to Qiskit with custom verbatim_box_name
            # This will label the BoxOp with "custom_verbatim" instead of "verbatim"
            qiskit_circuit = to_qiskit(braket_program, verbatim_box_name="custom_verbatim")
    
            # Verify BoxOp is created with custom label
            box_ops = [instr for instr in qiskit_circuit.data
                       if hasattr(instr.operation, 'label') and
                       instr.operation.label == 'custom_verbatim']
            assert len(box_ops) == 1, "Expected one custom verbatim BoxOp"
    
            # Convert back to Braket with custom verbatim_box_name
>           braket_circuit = to_braket(
                qiskit_circuit,
                verbatim=False,
                verbatim_box_name="custom_verbatim"
            )

tests/providers/test_adapter_to_braket_verbatim.py:679: 
_ _ _ _ _ _ _ _ _ _ _ _ _ _ _ _ _ _ _ _ _ _ _ _ _ _ _ _ _ _ _ _ _ _ _ _ _ _ _ _ 
qiskit_braket_provider/providers/adapter.py:1180: in to_braket
    _restore_verbatim_boxes(circ, verbatim_boxes, verbatim_box_name)
qiskit_braket_provider/providers/adapter.py:979: in _restore_verbatim_boxes
    reconstructed_circuit.append(
/opt/anaconda3/envs/braket/lib/python3.12/site-packages/qiskit/circuit/quantumcircuit.py:2916: in append
    operation.broadcast_arguments(expanded_qargs, expanded_cargs)
_ _ _ _ _ _ _ _ _ _ _ _ _ _ _ _ _ _ _ _ _ _ _ _ _ _ _ _ _ _ _ _ _ _ _ _ _ _ _ _ 

self = Instruction(name='h', num_qubits=1, num_clbits=0, params=[])
qargs = [[<Qubit register=(2, "q"), index=0>], [<Qubit register=(2, "q"), index=1>]]
cargs = []

    def broadcast_arguments(self, qargs: list, cargs: list) -> Iterable[tuple[list, list]]:
        """Validation and handling of the arguments and its relationship.
    
        For example, ``cx([q[0],q[1]], q[2])`` means ``cx(q[0], q[2]); cx(q[1], q[2])``. This
        method yields the arguments in the right grouping. In the given example::
    
            in: [[q[0],q[1]], q[2]],[]
            outs: [q[0], q[2]], []
                  [q[1], q[2]], []
    
        The general broadcasting rules are:
    
            * If len(qargs) == 1::
    
                [q[0], q[1]] -> [q[0]],[q[1]]
    
            * If len(qargs) == 2::
    
                [[q[0], q[1]], [r[0], r[1]]] -> [q[0], r[0]], [q[1], r[1]]
                [[q[0]], [r[0], r[1]]]       -> [q[0], r[0]], [q[0], r[1]]
                [[q[0], q[1]], [r[0]]]       -> [q[0], r[0]], [q[1], r[0]]
    
            * If len(qargs) >= 3::
    
                [q[0], q[1]], [r[0], r[1]],  ...] -> [q[0], r[0], ...], [q[1], r[1], ...]
    
        Args:
            qargs: List of quantum bit arguments.
            cargs: List of classical bit arguments.
    
        Returns:
            A tuple with single arguments.
    
        Raises:
            CircuitError: If the input is not valid. For example, the number of
                arguments does not match the gate expectation.
        """
        if len(qargs) != self.num_qubits or cargs:
>           raise CircuitError(
                f"The amount of qubit({len(qargs)})/clbit({len(cargs)}) arguments does"
                f" not match the gate expectation ({self.num_qubits})."
            )
E           qiskit.circuit.exceptions.CircuitError: 'The amount of qubit(2)/clbit(0) arguments does not match the gate expectation (1).'

/opt/anaconda3/envs/braket/lib/python3.12/site-packages/qiskit/circuit/gate.py:237: CircuitError
_ TestRoundTripConversion.test_round_trip_mixed_verbatim_and_non_verbatim_gates_braket_program _

self = <tests.providers.test_adapter_to_braket_verbatim.TestRoundTripConversion object at 0x310aa1700>

        def test_round_trip_mixed_verbatim_and_non_verbatim_gates_braket_program(self):
            """Test round-trip with mixed verbatim and non-verbatim gates starting from Braket Program."""
            from braket.ir.openqasm import Program
            from qiskit_braket_provider.providers.adapter import to_qiskit
    
            # Create OpenQASM 3.0 program with verbatim pragmas and regular gates
            openqasm_program = """
    OPENQASM 3.0;
    qubit[2] q;
    x q[0];
    #pragma braket verbatim
    box {
        h q[0];
        cnot q[0], q[1];
    }
    y q[1];
    """
    
            # Create Braket Program
            braket_program = Program(source=openqasm_program)
    
            # Convert to Qiskit
            qiskit_circuit = to_qiskit(braket_program)
    
            # Convert back to Braket
>           braket_circuit = to_braket(qiskit_circuit, verbatim=False)
                             ^^^^^^^^^^^^^^^^^^^^^^^^^^^^^^^^^^^^^^^^^

tests/providers/test_adapter_to_braket_verbatim.py:714: 
_ _ _ _ _ _ _ _ _ _ _ _ _ _ _ _ _ _ _ _ _ _ _ _ _ _ _ _ _ _ _ _ _ _ _ _ _ _ _ _ 
qiskit_braket_provider/providers/adapter.py:1180: in to_braket
    _restore_verbatim_boxes(circ, verbatim_boxes, verbatim_box_name)
qiskit_braket_provider/providers/adapter.py:979: in _restore_verbatim_boxes
    reconstructed_circuit.append(
/opt/anaconda3/envs/braket/lib/python3.12/site-packages/qiskit/circuit/quantumcircuit.py:2916: in append
    operation.broadcast_arguments(expanded_qargs, expanded_cargs)
_ _ _ _ _ _ _ _ _ _ _ _ _ _ _ _ _ _ _ _ _ _ _ _ _ _ _ _ _ _ _ _ _ _ _ _ _ _ _ _ 

self = Instruction(name='h', num_qubits=1, num_clbits=0, params=[])
qargs = [[<Qubit register=(2, "q"), index=0>], [<Qubit register=(2, "q"), index=1>]]
cargs = []

    def broadcast_arguments(self, qargs: list, cargs: list) -> Iterable[tuple[list, list]]:
        """Validation and handling of the arguments and its relationship.
    
        For example, ``cx([q[0],q[1]], q[2])`` means ``cx(q[0], q[2]); cx(q[1], q[2])``. This
        method yields the arguments in the right grouping. In the given example::
    
            in: [[q[0],q[1]], q[2]],[]
            outs: [q[0], q[2]], []
                  [q[1], q[2]], []
    
        The general broadcasting rules are:
    
            * If len(qargs) == 1::
    
                [q[0], q[1]] -> [q[0]],[q[1]]
    
            * If len(qargs) == 2::
    
                [[q[0], q[1]], [r[0], r[1]]] -> [q[0], r[0]], [q[1], r[1]]
                [[q[0]], [r[0], r[1]]]       -> [q[0], r[0]], [q[0], r[1]]
                [[q[0], q[1]], [r[0]]]       -> [q[0], r[0]], [q[1], r[0]]
    
            * If len(qargs) >= 3::
    
                [q[0], q[1]], [r[0], r[1]],  ...] -> [q[0], r[0], ...], [q[1], r[1], ...]
    
        Args:
            qargs: List of quantum bit arguments.
            cargs: List of classical bit arguments.
    
        Returns:
            A tuple with single arguments.
    
        Raises:
            CircuitError: If the input is not valid. For example, the number of
                arguments does not match the gate expectation.
        """
        if len(qargs) != self.num_qubits or cargs:
>           raise CircuitError(
                f"The amount of qubit({len(qargs)})/clbit({len(cargs)}) arguments does"
                f" not match the gate expectation ({self.num_qubits})."
            )
E           qiskit.circuit.exceptions.CircuitError: 'The amount of qubit(2)/clbit(0) arguments does not match the gate expectation (1).'

/opt/anaconda3/envs/braket/lib/python3.12/site-packages/qiskit/circuit/gate.py:237: CircuitError
_____ TestRoundTripConversion.test_round_trip_single_verbatim_box_openqasm _____

self = <tests.providers.test_adapter_to_braket_verbatim.TestRoundTripConversion object at 0x310ade510>

        def test_round_trip_single_verbatim_box_openqasm(self):
            """Test round-trip with single verbatim box starting from OpenQASM 3.0."""
            from qiskit_braket_provider.providers.adapter import to_qiskit
    
            # Create OpenQASM 3.0 program with verbatim pragma
            openqasm_program = """
    OPENQASM 3.0;
    qubit[2] q;
    #pragma braket verbatim
    box {
        h q[0];
        cnot q[0], q[1];
    }
    """
    
            # Convert to Qiskit
            qiskit_circuit = to_qiskit(openqasm_program)
    
            # Verify BoxOp is created with verbatim label
            box_ops = [instr for instr in qiskit_circuit.data
                       if hasattr(instr.operation, 'label') and
                       instr.operation.label == 'verbatim']
            assert len(box_ops) == 1, "Expected one verbatim BoxOp"
    
            # Convert back to Braket
>           braket_circuit = to_braket(qiskit_circuit, verbatim=False)
                             ^^^^^^^^^^^^^^^^^^^^^^^^^^^^^^^^^^^^^^^^^

tests/providers/test_adapter_to_braket_verbatim.py:751: 
_ _ _ _ _ _ _ _ _ _ _ _ _ _ _ _ _ _ _ _ _ _ _ _ _ _ _ _ _ _ _ _ _ _ _ _ _ _ _ _ 
qiskit_braket_provider/providers/adapter.py:1180: in to_braket
    _restore_verbatim_boxes(circ, verbatim_boxes, verbatim_box_name)
qiskit_braket_provider/providers/adapter.py:979: in _restore_verbatim_boxes
    reconstructed_circuit.append(
/opt/anaconda3/envs/braket/lib/python3.12/site-packages/qiskit/circuit/quantumcircuit.py:2916: in append
    operation.broadcast_arguments(expanded_qargs, expanded_cargs)
_ _ _ _ _ _ _ _ _ _ _ _ _ _ _ _ _ _ _ _ _ _ _ _ _ _ _ _ _ _ _ _ _ _ _ _ _ _ _ _ 

self = Instruction(name='h', num_qubits=1, num_clbits=0, params=[])
qargs = [[<Qubit register=(2, "q"), index=0>], [<Qubit register=(2, "q"), index=1>]]
cargs = []

    def broadcast_arguments(self, qargs: list, cargs: list) -> Iterable[tuple[list, list]]:
        """Validation and handling of the arguments and its relationship.
    
        For example, ``cx([q[0],q[1]], q[2])`` means ``cx(q[0], q[2]); cx(q[1], q[2])``. This
        method yields the arguments in the right grouping. In the given example::
    
            in: [[q[0],q[1]], q[2]],[]
            outs: [q[0], q[2]], []
                  [q[1], q[2]], []
    
        The general broadcasting rules are:
    
            * If len(qargs) == 1::
    
                [q[0], q[1]] -> [q[0]],[q[1]]
    
            * If len(qargs) == 2::
    
                [[q[0], q[1]], [r[0], r[1]]] -> [q[0], r[0]], [q[1], r[1]]
                [[q[0]], [r[0], r[1]]]       -> [q[0], r[0]], [q[0], r[1]]
                [[q[0], q[1]], [r[0]]]       -> [q[0], r[0]], [q[1], r[0]]
    
            * If len(qargs) >= 3::
    
                [q[0], q[1]], [r[0], r[1]],  ...] -> [q[0], r[0], ...], [q[1], r[1], ...]
    
        Args:
            qargs: List of quantum bit arguments.
            cargs: List of classical bit arguments.
    
        Returns:
            A tuple with single arguments.
    
        Raises:
            CircuitError: If the input is not valid. For example, the number of
                arguments does not match the gate expectation.
        """
        if len(qargs) != self.num_qubits or cargs:
>           raise CircuitError(
                f"The amount of qubit({len(qargs)})/clbit({len(cargs)}) arguments does"
                f" not match the gate expectation ({self.num_qubits})."
            )
E           qiskit.circuit.exceptions.CircuitError: 'The amount of qubit(2)/clbit(0) arguments does not match the gate expectation (1).'

/opt/anaconda3/envs/braket/lib/python3.12/site-packages/qiskit/circuit/gate.py:237: CircuitError
___ TestRoundTripConversion.test_round_trip_multiple_verbatim_boxes_openqasm ___

self = <tests.providers.test_adapter_to_braket_verbatim.TestRoundTripConversion object at 0x310ade180>

        def test_round_trip_multiple_verbatim_boxes_openqasm(self):
            """Test round-trip with multiple verbatim boxes starting from OpenQASM 3.0."""
            from qiskit_braket_provider.providers.adapter import to_qiskit
    
            # Create OpenQASM 3.0 program with multiple verbatim pragmas
            openqasm_program = """
    OPENQASM 3.0;
    qubit[3] q;
    #pragma braket verbatim
    box {
        h q[0];
    }
    x q[1];
    #pragma braket verbatim
    box {
        cnot q[0], q[1];
        cnot q[1], q[2];
    }
    """
    
            # Convert to Qiskit
            qiskit_circuit = to_qiskit(openqasm_program)
    
            # Verify multiple BoxOps are created
            box_ops = [instr for instr in qiskit_circuit.data
                       if hasattr(instr.operation, 'label') and
                       instr.operation.label == 'verbatim']
            assert len(box_ops) == 2, "Expected two verbatim BoxOps"
    
            # Convert back to Braket
>           braket_circuit = to_braket(qiskit_circuit, verbatim=False)
                             ^^^^^^^^^^^^^^^^^^^^^^^^^^^^^^^^^^^^^^^^^

tests/providers/test_adapter_to_braket_verbatim.py:792: 
_ _ _ _ _ _ _ _ _ _ _ _ _ _ _ _ _ _ _ _ _ _ _ _ _ _ _ _ _ _ _ _ _ _ _ _ _ _ _ _ 
qiskit_braket_provider/providers/adapter.py:1180: in to_braket
    _restore_verbatim_boxes(circ, verbatim_boxes, verbatim_box_name)
qiskit_braket_provider/providers/adapter.py:979: in _restore_verbatim_boxes
    reconstructed_circuit.append(
/opt/anaconda3/envs/braket/lib/python3.12/site-packages/qiskit/circuit/quantumcircuit.py:2916: in append
    operation.broadcast_arguments(expanded_qargs, expanded_cargs)
_ _ _ _ _ _ _ _ _ _ _ _ _ _ _ _ _ _ _ _ _ _ _ _ _ _ _ _ _ _ _ _ _ _ _ _ _ _ _ _ 

self = Instruction(name='h', num_qubits=1, num_clbits=0, params=[])
qargs = [[<Qubit register=(3, "q"), index=0>], [<Qubit register=(3, "q"), index=1>], [<Qubit register=(3, "q"), index=2>]]
cargs = []

    def broadcast_arguments(self, qargs: list, cargs: list) -> Iterable[tuple[list, list]]:
        """Validation and handling of the arguments and its relationship.
    
        For example, ``cx([q[0],q[1]], q[2])`` means ``cx(q[0], q[2]); cx(q[1], q[2])``. This
        method yields the arguments in the right grouping. In the given example::
    
            in: [[q[0],q[1]], q[2]],[]
            outs: [q[0], q[2]], []
                  [q[1], q[2]], []
    
        The general broadcasting rules are:
    
            * If len(qargs) == 1::
    
                [q[0], q[1]] -> [q[0]],[q[1]]
    
            * If len(qargs) == 2::
    
                [[q[0], q[1]], [r[0], r[1]]] -> [q[0], r[0]], [q[1], r[1]]
                [[q[0]], [r[0], r[1]]]       -> [q[0], r[0]], [q[0], r[1]]
                [[q[0], q[1]], [r[0]]]       -> [q[0], r[0]], [q[1], r[0]]
    
            * If len(qargs) >= 3::
    
                [q[0], q[1]], [r[0], r[1]],  ...] -> [q[0], r[0], ...], [q[1], r[1], ...]
    
        Args:
            qargs: List of quantum bit arguments.
            cargs: List of classical bit arguments.
    
        Returns:
            A tuple with single arguments.
    
        Raises:
            CircuitError: If the input is not valid. For example, the number of
                arguments does not match the gate expectation.
        """
        if len(qargs) != self.num_qubits or cargs:
>           raise CircuitError(
                f"The amount of qubit({len(qargs)})/clbit({len(cargs)}) arguments does"
                f" not match the gate expectation ({self.num_qubits})."
            )
E           qiskit.circuit.exceptions.CircuitError: 'The amount of qubit(3)/clbit(0) arguments does not match the gate expectation (1).'

/opt/anaconda3/envs/braket/lib/python3.12/site-packages/qiskit/circuit/gate.py:237: CircuitError
__ TestRoundTripConversion.test_round_trip_custom_verbatim_box_name_openqasm ___

self = <tests.providers.test_adapter_to_braket_verbatim.TestRoundTripConversion object at 0x310addc10>

        def test_round_trip_custom_verbatim_box_name_openqasm(self):
            """Test round-trip with custom verbatim box name starting from OpenQASM 3.0.
    
            Note: The OpenQASM pragma is always 'braket verbatim', but we can use a custom
            label for the BoxOp in Qiskit.
            """
            from qiskit_braket_provider.providers.adapter import to_qiskit
    
            # Create OpenQASM 3.0 program with standard verbatim pragma
            # (The pragma name is fixed, but we'll use a custom BoxOp label)
            openqasm_program = """
    OPENQASM 3.0;
    qubit[2] q;
    #pragma braket verbatim
    box {
        h q[0];
        cnot q[0], q[1];
    }
    """
    
            # Convert to Qiskit with custom verbatim_box_name
            # This will label the BoxOp with "my_custom_verbatim" instead of "verbatim"
            qiskit_circuit = to_qiskit(openqasm_program, verbatim_box_name="my_custom_verbatim")
    
            # Verify BoxOp is created with custom label
            box_ops = [instr for instr in qiskit_circuit.data
                       if hasattr(instr.operation, 'label') and
                       instr.operation.label == 'my_custom_verbatim']
            assert len(box_ops) == 1, "Expected one custom verbatim BoxOp"
    
            # Convert back to Braket with custom verbatim_box_name
>           braket_circuit = to_braket(
                qiskit_circuit,
                verbatim=False,
                verbatim_box_name="my_custom_verbatim"
            )

tests/providers/test_adapter_to_braket_verbatim.py:835: 
_ _ _ _ _ _ _ _ _ _ _ _ _ _ _ _ _ _ _ _ _ _ _ _ _ _ _ _ _ _ _ _ _ _ _ _ _ _ _ _ 
qiskit_braket_provider/providers/adapter.py:1180: in to_braket
    _restore_verbatim_boxes(circ, verbatim_boxes, verbatim_box_name)
qiskit_braket_provider/providers/adapter.py:979: in _restore_verbatim_boxes
    reconstructed_circuit.append(
/opt/anaconda3/envs/braket/lib/python3.12/site-packages/qiskit/circuit/quantumcircuit.py:2916: in append
    operation.broadcast_arguments(expanded_qargs, expanded_cargs)
_ _ _ _ _ _ _ _ _ _ _ _ _ _ _ _ _ _ _ _ _ _ _ _ _ _ _ _ _ _ _ _ _ _ _ _ _ _ _ _ 

self = Instruction(name='h', num_qubits=1, num_clbits=0, params=[])
qargs = [[<Qubit register=(2, "q"), index=0>], [<Qubit register=(2, "q"), index=1>]]
cargs = []

    def broadcast_arguments(self, qargs: list, cargs: list) -> Iterable[tuple[list, list]]:
        """Validation and handling of the arguments and its relationship.
    
        For example, ``cx([q[0],q[1]], q[2])`` means ``cx(q[0], q[2]); cx(q[1], q[2])``. This
        method yields the arguments in the right grouping. In the given example::
    
            in: [[q[0],q[1]], q[2]],[]
            outs: [q[0], q[2]], []
                  [q[1], q[2]], []
    
        The general broadcasting rules are:
    
            * If len(qargs) == 1::
    
                [q[0], q[1]] -> [q[0]],[q[1]]
    
            * If len(qargs) == 2::
    
                [[q[0], q[1]], [r[0], r[1]]] -> [q[0], r[0]], [q[1], r[1]]
                [[q[0]], [r[0], r[1]]]       -> [q[0], r[0]], [q[0], r[1]]
                [[q[0], q[1]], [r[0]]]       -> [q[0], r[0]], [q[1], r[0]]
    
            * If len(qargs) >= 3::
    
                [q[0], q[1]], [r[0], r[1]],  ...] -> [q[0], r[0], ...], [q[1], r[1], ...]
    
        Args:
            qargs: List of quantum bit arguments.
            cargs: List of classical bit arguments.
    
        Returns:
            A tuple with single arguments.
    
        Raises:
            CircuitError: If the input is not valid. For example, the number of
                arguments does not match the gate expectation.
        """
        if len(qargs) != self.num_qubits or cargs:
>           raise CircuitError(
                f"The amount of qubit({len(qargs)})/clbit({len(cargs)}) arguments does"
                f" not match the gate expectation ({self.num_qubits})."
            )
E           qiskit.circuit.exceptions.CircuitError: 'The amount of qubit(2)/clbit(0) arguments does not match the gate expectation (1).'

/opt/anaconda3/envs/braket/lib/python3.12/site-packages/qiskit/circuit/gate.py:237: CircuitError
_ TestRoundTripConversion.test_round_trip_mixed_verbatim_and_non_verbatim_gates_openqasm _

self = <tests.providers.test_adapter_to_braket_verbatim.TestRoundTripConversion object at 0x310add8b0>

        def test_round_trip_mixed_verbatim_and_non_verbatim_gates_openqasm(self):
            """Test round-trip with mixed verbatim and non-verbatim gates starting from OpenQASM 3.0."""
            from qiskit_braket_provider.providers.adapter import to_qiskit
    
            # Create OpenQASM 3.0 program with verbatim pragmas and regular gates
            openqasm_program = """
    OPENQASM 3.0;
    qubit[2] q;
    x q[0];
    #pragma braket verbatim
    box {
        h q[0];
        cnot q[0], q[1];
    }
    y q[1];
    z q[0];
    """
    
            # Convert to Qiskit
            qiskit_circuit = to_qiskit(openqasm_program)
    
            # Convert back to Braket
>           braket_circuit = to_braket(qiskit_circuit, verbatim=False)
                             ^^^^^^^^^^^^^^^^^^^^^^^^^^^^^^^^^^^^^^^^^

tests/providers/test_adapter_to_braket_verbatim.py:867: 
_ _ _ _ _ _ _ _ _ _ _ _ _ _ _ _ _ _ _ _ _ _ _ _ _ _ _ _ _ _ _ _ _ _ _ _ _ _ _ _ 
qiskit_braket_provider/providers/adapter.py:1180: in to_braket
    _restore_verbatim_boxes(circ, verbatim_boxes, verbatim_box_name)
qiskit_braket_provider/providers/adapter.py:979: in _restore_verbatim_boxes
    reconstructed_circuit.append(
/opt/anaconda3/envs/braket/lib/python3.12/site-packages/qiskit/circuit/quantumcircuit.py:2916: in append
    operation.broadcast_arguments(expanded_qargs, expanded_cargs)
_ _ _ _ _ _ _ _ _ _ _ _ _ _ _ _ _ _ _ _ _ _ _ _ _ _ _ _ _ _ _ _ _ _ _ _ _ _ _ _ 

self = Instruction(name='h', num_qubits=1, num_clbits=0, params=[])
qargs = [[<Qubit register=(2, "q"), index=0>], [<Qubit register=(2, "q"), index=1>]]
cargs = []

    def broadcast_arguments(self, qargs: list, cargs: list) -> Iterable[tuple[list, list]]:
        """Validation and handling of the arguments and its relationship.
    
        For example, ``cx([q[0],q[1]], q[2])`` means ``cx(q[0], q[2]); cx(q[1], q[2])``. This
        method yields the arguments in the right grouping. In the given example::
    
            in: [[q[0],q[1]], q[2]],[]
            outs: [q[0], q[2]], []
                  [q[1], q[2]], []
    
        The general broadcasting rules are:
    
            * If len(qargs) == 1::
    
                [q[0], q[1]] -> [q[0]],[q[1]]
    
            * If len(qargs) == 2::
    
                [[q[0], q[1]], [r[0], r[1]]] -> [q[0], r[0]], [q[1], r[1]]
                [[q[0]], [r[0], r[1]]]       -> [q[0], r[0]], [q[0], r[1]]
                [[q[0], q[1]], [r[0]]]       -> [q[0], r[0]], [q[1], r[0]]
    
            * If len(qargs) >= 3::
    
                [q[0], q[1]], [r[0], r[1]],  ...] -> [q[0], r[0], ...], [q[1], r[1], ...]
    
        Args:
            qargs: List of quantum bit arguments.
            cargs: List of classical bit arguments.
    
        Returns:
            A tuple with single arguments.
    
        Raises:
            CircuitError: If the input is not valid. For example, the number of
                arguments does not match the gate expectation.
        """
        if len(qargs) != self.num_qubits or cargs:
>           raise CircuitError(
                f"The amount of qubit({len(qargs)})/clbit({len(cargs)}) arguments does"
                f" not match the gate expectation ({self.num_qubits})."
            )
E           qiskit.circuit.exceptions.CircuitError: 'The amount of qubit(2)/clbit(0) arguments does not match the gate expectation (1).'

/opt/anaconda3/envs/braket/lib/python3.12/site-packages/qiskit/circuit/gate.py:237: CircuitError
=============================== warnings summary ===============================
tests/providers/test_adapter.py::TestAdapter::test_braket_device
tests/providers/test_braket_backend.py::TestBraketAwsBackend::test_run_multiple_circuits
tests/providers/test_braket_backend.py::TestBraketAwsBackend::test_run_multiple_circuits_program_set
tests/providers/test_braket_backend.py::TestBraketAwsBackend::test_run_with_pass_manager
tests/providers/test_braket_provider.py::TestBraketProvider::test_noncontigous_qubit_indices_qiskit_transpilation
  /Users/aniksd/projects/qiskit-braket-provider/qiskit_braket_provider/providers/adapter.py:1353: UserWarning: Device does not support global phase; global phase of 1.5707963267948966 will not be included in Braket circuit
    warnings.warn(

tests/providers/test_adapter.py::TestAdapter::test_ccprx_and_measureff_gates_allowed
tests/providers/test_braket_instructions.py::TestIqmExperimentalCapabilities::test_circuit_with_measureff_ccprx
  /opt/anaconda3/envs/braket/lib/python3.12/site-packages/braket/experimental_capabilities/experimental_capability_context.py:126: UserWarning: You are enabling experimental capabilities. To view descriptions and restrictions of experimental capabilities, please review Amazon Braket Developer Guide (https://docs.aws.amazon.com/braket/latest/developerguide/braket-experimental-capabilities.html).
    warnings.warn(

tests/providers/test_adapter.py::TestAdapter::test_exponential_gate_decomp
  /opt/anaconda3/envs/braket/lib/python3.12/site-packages/scipy/sparse/linalg/_dsolve/linsolve.py:597: SparseEfficiencyWarning: splu converted its input to CSC format
    return splu(A).solve

tests/providers/test_adapter.py::TestAdapter::test_exponential_gate_decomp
  /opt/anaconda3/envs/braket/lib/python3.12/site-packages/scipy/sparse/linalg/_matfuncs.py:707: SparseEfficiencyWarning: spsolve is more efficient when sparse b is in the CSC matrix format
    return spsolve(Q, P)

tests/providers/test_adapter.py::TestAdapter::test_global_phase
  /Users/aniksd/projects/qiskit-braket-provider/qiskit_braket_provider/providers/adapter.py:1353: UserWarning: Device does not support global phase; global phase of 2.8007963267948965 will not be included in Braket circuit
    warnings.warn(

tests/providers/test_adapter.py::TestAdapter::test_kraus_braket_bit_ordering
  /opt/anaconda3/envs/braket/lib/python3.12/site-packages/braket/default_simulator/simulator.py:333: UserWarning: You are running a noise-free circuit on the density matrix simulator. Consider running this circuit on the state vector simulator: LocalSimulator("default") for a better user experience.
    warnings.warn(

tests/providers/test_adapter.py::TestAdapter::test_pos_kw_same_argument
tests/providers/test_adapter.py::TestAdapter::test_pos_kw_same_argument
  /Users/aniksd/projects/qiskit-braket-provider/qiskit_braket_provider/providers/adapter.py:1223: DeprecationWarning: Passing basis_gates as a positional argument is deprecated.
    warnings.warn(

tests/providers/test_adapter.py::TestAdapter::test_pos_kw_same_argument
  /Users/aniksd/projects/qiskit-braket-provider/qiskit_braket_provider/providers/adapter.py:1223: DeprecationWarning: Passing verbatim as a positional argument is deprecated.
    warnings.warn(

tests/providers/test_braket_backend.py::TestBraketAwsBackend::test_backend_deepcopy
tests/providers/test_braket_backend.py::TestBraketAwsBackend::test_device_backend
tests/providers/test_braket_backend.py::TestBraketAwsBackend::test_native_transpilation
tests/providers/test_braket_backend.py::TestBraketAwsBackend::test_retrieve_job_task_ids
tests/providers/test_braket_backend.py::TestBraketAwsBackend::test_run_invalid_run_input
tests/providers/test_braket_backend.py::TestBraketAwsBackend::test_run_multiple_circuits
tests/providers/test_braket_backend.py::TestBraketAwsBackend::test_run_multiple_circuits_program_set
tests/providers/test_braket_backend.py::TestBraketAwsBackend::test_run_with_pass_manager
  /Users/aniksd/projects/qiskit-braket-provider/qiskit_braket_provider/providers/adapter.py:869: UserWarning: Instruction cswap has 3 qubits and cannot be added to target
    warnings.warn(

tests/providers/test_braket_backend.py::TestBraketAwsBackend::test_native_transpilation
  /Users/aniksd/projects/qiskit-braket-provider/tests/providers/test_braket_backend.py:515: DeprecationWarning: AWSBraketBackend is deprecated. Use BraketAwsBackend instead
    backend = AWSBraketBackend(device=mock_device)

tests/providers/test_braket_quantum_task.py::TestAmazonBraketTask::test_result
tests/providers/test_braket_quantum_task.py::TestAmazonBraketTask::test_task
  /Users/aniksd/projects/qiskit-braket-provider/tests/providers/test_braket_quantum_task.py:212: DeprecationWarning: AmazonBraketTask is deprecated.
    return AmazonBraketTask(

tests/providers/test_braket_quantum_task.py::TestAWSBraketJob::test_AWS_job
tests/providers/test_braket_quantum_task.py::TestAWSBraketJob::test_AWS_result
  /Users/aniksd/projects/qiskit-braket-provider/tests/providers/test_braket_quantum_task.py:248: DeprecationWarning: AWSBraketJob is deprecated.
    return AWSBraketJob(

tests/providers/test_braket_quantum_task.py::TestBraketJobStatus::test_status[task_states0-JobStatus.ERROR]
tests/providers/test_braket_quantum_task.py::TestBraketJobStatus::test_status[task_states1-JobStatus.CANCELLED]
tests/providers/test_braket_quantum_task.py::TestBraketJobStatus::test_status[task_states2-JobStatus.DONE]
tests/providers/test_braket_quantum_task.py::TestBraketJobStatus::test_status[task_states3-JobStatus.RUNNING]
tests/providers/test_braket_quantum_task.py::TestBraketJobStatus::test_status[task_states4-JobStatus.QUEUED]
  /Users/aniksd/projects/qiskit-braket-provider/tests/providers/test_braket_quantum_task.py:306: DeprecationWarning: AWSBraketJob is deprecated.
    job = AWSBraketJob(

-- Docs: https://docs.pytest.org/en/stable/how-to/capture-warnings.html
=========================== short test summary info ============================
FAILED tests/providers/test_adapter.py::TestAdapter::test_roundtrip_openqasm_program
FAILED tests/providers/test_adapter_to_braket_verbatim.py::TestRestoreVerbatimBoxes::test_single_verbatim_box_restoration
FAILED tests/providers/test_adapter_to_braket_verbatim.py::TestRestoreVerbatimBoxes::test_multiple_verbatim_boxes_restoration
FAILED tests/providers/test_adapter_to_braket_verbatim.py::TestRestoreVerbatimBoxes::test_qubit_mapping_with_non_contiguous_qubits
FAILED tests/providers/test_adapter_to_braket_verbatim.py::TestRestoreVerbatimBoxes::test_error_too_many_barriers
FAILED tests/providers/test_adapter_to_braket_verbatim.py::TestRestoreVerbatimBoxes::test_error_too_few_barriers
FAILED tests/providers/test_adapter_to_braket_verbatim.py::TestRestoreVerbatimBoxes::test_error_invalid_qubit_mapping
FAILED tests/providers/test_adapter_to_braket_verbatim.py::TestToBraketIntegration::test_to_braket_with_single_verbatim_box
FAILED tests/providers/test_adapter_to_braket_verbatim.py::TestToBraketIntegration::test_to_braket_with_multiple_verbatim_boxes
FAILED tests/providers/test_adapter_to_braket_verbatim.py::TestToBraketIntegration::test_to_braket_with_custom_verbatim_box_name
FAILED tests/providers/test_adapter_to_braket_verbatim.py::TestToBraketIntegration::test_to_braket_without_transpilation
FAILED tests/providers/test_adapter_to_braket_verbatim.py::TestToBraketIntegration::test_to_braket_uses_trivial_layout_for_verbatim_boxes
FAILED tests/providers/test_adapter_to_braket_verbatim.py::TestToBraketIntegration::test_to_braket_layout_method_override
FAILED tests/providers/test_adapter_to_braket_verbatim.py::TestToBraketIntegration::test_to_braket_routing_method_override
FAILED tests/providers/test_adapter_to_braket_verbatim.py::TestToBraketIntegration::test_to_braket_with_multiple_circuits_with_verbatim_boxes
FAILED tests/providers/test_adapter_to_braket_verbatim.py::TestRoundTripConversion::test_round_trip_single_verbatim_box_braket_program
FAILED tests/providers/test_adapter_to_braket_verbatim.py::TestRoundTripConversion::test_round_trip_multiple_verbatim_boxes_braket_program
FAILED tests/providers/test_adapter_to_braket_verbatim.py::TestRoundTripConversion::test_round_trip_custom_verbatim_box_name_braket_program
FAILED tests/providers/test_adapter_to_braket_verbatim.py::TestRoundTripConversion::test_round_trip_mixed_verbatim_and_non_verbatim_gates_braket_program
FAILED tests/providers/test_adapter_to_braket_verbatim.py::TestRoundTripConversion::test_round_trip_single_verbatim_box_openqasm
FAILED tests/providers/test_adapter_to_braket_verbatim.py::TestRoundTripConversion::test_round_trip_multiple_verbatim_boxes_openqasm
FAILED tests/providers/test_adapter_to_braket_verbatim.py::TestRoundTripConversion::test_round_trip_custom_verbatim_box_name_openqasm
FAILED tests/providers/test_adapter_to_braket_verbatim.py::TestRoundTripConversion::test_round_trip_mixed_verbatim_and_non_verbatim_gates_openqasm
= 23 failed, 188 passed, 4 skipped, 32 warnings, 77 subtests passed in 15.09s ==
ERROR conda.cli.main_run:execute(125): `conda run pytest tests/ -v` failed. (See above for error)

